<html>
<body>
<pre>
<h1>µVision Build Log</h1>
<h2>Tool Versions:</h2>
IDE-Version: ¦ÌVision V5.14.0.0
Copyright (C) 2015 ARM Ltd and ARM Germany GmbH. All rights reserved.
License Information: Wong Xian, wjh, LIC=CZLZX-HSEYP-12JLE-5AA0Y-8PH1T-14Z3X
 
Tool Versions:
Toolchain:       MDK-ARM Standard  Version: 5.14.0.0
Toolchain Path:  A:\MDK5\ARM\ARMCC\Bin
C Compiler:      Armcc.exe V5.05 update 1 (build 106)
Assembler:       Armasm.exe V5.05 update 1 (build 106)
Linker/Locator:  ArmLink.exe V5.05 update 1 (build 106)
Library Manager: ArmAr.exe V5.05 update 1 (build 106)
Hex Converter:   FromElf.exe V5.05 update 1 (build 106)
CPU DLL:         SARMCM3.DLL V5.14.0.0
Dialog DLL:      DARMSTM.DLL V1.65.0.0
Target DLL:      STLink\ST-LINKIII-KEIL_SWO.dll V2.0.14.0_KEIL
Dialog DLL:      TARMSTM.DLL V1.64.0.0
 
<h2>Project:</h2>
D:\Learn_STM32\Class1\USER\TOUCH.uvprojx
Project File Date:  06/09/2023

<h2>Output:</h2>
Build target 'LVGL'
compiling lcd.c...
compiling lv_port_disp_template.c...
..\Middlewares\LVGL\GUI\lvgl\examples\porting\lv_port_disp_template.c(145): warning:  #767-D: conversion from pointer to smaller integer
        LCD_Fill(area->x1, area->y1, area->x2, area->y2, (vu16)color_p);
..\Middlewares\LVGL\GUI\lvgl\examples\porting\lv_port_disp_template.c: 1 warning, 0 errors
linking...
Program Size: Code=35034 RO-data=19002 RW-data=104 ZI-data=2048  
FromELF: creating hex file...
"..\OBJ\LVGL.axf" - 0 Error(s), 1 Warning(s).

<h2>Collection of Component include folders:</h2>
  D:\Learn_STM32\Class1\USER\RTE
  A:\MDK5\ARM\PACK\Keil\STM32F1xx_DFP\1.0.5\Device\Include

<h2>Collection of Component Files used:</h2>
</pre>
</body>
</html>
