Component: ARM Compiler 5.06 update 6 (build 750) Tool: armlink [4d35ed]

==============================================================================

Section Cross References

    main.o(i.main) refers to stm32f1xx_hal.o(.text) for HAL_Init
    main.o(i.main) refers to sys.o(.text) for Stm32_Clock_Init
    main.o(i.main) refers to delay.o(.text) for delay_init
    main.o(i.main) refers to usart.o(.text) for uart_init
    main.o(i.main) refers to led.o(.text) for LED_Init
    main.o(i.main) refers to key.o(.text) for KEY_Init
    main.o(i.main) refers to timer.o(.text) for TIM3_Init
    main.o(i.main) refers to lv_obj.o(.text) for lv_init
    main.o(i.main) refers to lv_port_disp_template.o(.text) for lv_port_disp_init
    main.o(i.main) refers to lv_port_indev_template.o(.text) for lv_port_indev_init
    stm32f1xx_it.o(.text) refers to stm32f1xx_hal.o(.text) for HAL_IncTick
    system_stm32f1xx.o(.text) refers to system_stm32f1xx.o(.data) for SystemCoreClock
    system_stm32f1xx.o(.text) refers to system_stm32f1xx.o(.constdata) for AHBPrescTable
    startup_stm32f103xe.o(STACK) refers (Special) to heapauxi.o(.text) for __use_two_region_memory
    startup_stm32f103xe.o(HEAP) refers (Special) to heapauxi.o(.text) for __use_two_region_memory
    startup_stm32f103xe.o(RESET) refers (Special) to heapauxi.o(.text) for __use_two_region_memory
    startup_stm32f103xe.o(RESET) refers to startup_stm32f103xe.o(STACK) for __initial_sp
    startup_stm32f103xe.o(RESET) refers to startup_stm32f103xe.o(.text) for Reset_Handler
    startup_stm32f103xe.o(RESET) refers to stm32f1xx_it.o(.text) for NMI_Handler
    startup_stm32f103xe.o(RESET) refers to timer.o(.text) for TIM3_IRQHandler
    startup_stm32f103xe.o(RESET) refers to usart.o(.text) for USART1_IRQHandler
    startup_stm32f103xe.o(.text) refers (Special) to heapauxi.o(.text) for __use_two_region_memory
    startup_stm32f103xe.o(.text) refers to system_stm32f1xx.o(.text) for SystemInit
    startup_stm32f103xe.o(.text) refers to __main.o(!!!main) for __main
    startup_stm32f103xe.o(.text) refers to startup_stm32f103xe.o(HEAP) for Heap_Mem
    startup_stm32f103xe.o(.text) refers to startup_stm32f103xe.o(STACK) for Stack_Mem
    stm32f1xx_hal.o(.text) refers to stm32f1xx_hal_cortex.o(.text) for HAL_SYSTICK_Config
    stm32f1xx_hal.o(.text) refers to stm32f1xx_hal_msp.o(.text) for HAL_MspInit
    stm32f1xx_hal.o(.text) refers to stm32f1xx_hal.o(.data) for uwTickFreq
    stm32f1xx_hal.o(.text) refers to system_stm32f1xx.o(.data) for SystemCoreClock
    stm32f1xx_hal_dma.o(.text) refers to stm32f1xx_hal.o(.text) for HAL_GetTick
    stm32f1xx_hal_rcc.o(.text) refers to stm32f1xx_hal.o(.text) for HAL_GetTick
    stm32f1xx_hal_rcc.o(.text) refers to system_stm32f1xx.o(.data) for SystemCoreClock
    stm32f1xx_hal_rcc.o(.text) refers to stm32f1xx_hal.o(.data) for uwTickPrio
    stm32f1xx_hal_rcc.o(.text) refers to stm32f1xx_hal_gpio.o(.text) for HAL_GPIO_Init
    stm32f1xx_hal_rcc.o(.text) refers to system_stm32f1xx.o(.constdata) for AHBPrescTable
    stm32f1xx_hal_rcc_ex.o(.text) refers to stm32f1xx_hal.o(.text) for HAL_GetTick
    stm32f1xx_hal_rcc_ex.o(.text) refers to stm32f1xx_hal_rcc.o(.text) for HAL_RCC_GetSysClockFreq
    stm32f1xx_hal_tim.o(.text) refers to timer.o(.text) for HAL_TIM_Base_MspInit
    stm32f1xx_hal_tim.o(.text) refers to stm32f1xx_hal_dma.o(.text) for HAL_DMA_Start_IT
    stm32f1xx_hal_tim.o(.text) refers to stm32f1xx_hal_tim_ex.o(.text) for HAL_TIMEx_BreakCallback
    stm32f1xx_hal_tim_ex.o(.text) refers to stm32f1xx_hal_tim.o(.text) for TIM_Base_SetConfig
    stm32f1xx_hal_tim_ex.o(.text) refers to stm32f1xx_hal_dma.o(.text) for HAL_DMA_Start_IT
    stm32f1xx_hal_uart.o(.text) refers to stm32f1xx_hal_rcc.o(.text) for HAL_RCC_GetPCLK2Freq
    stm32f1xx_hal_uart.o(.text) refers to usart.o(.text) for HAL_UART_MspInit
    stm32f1xx_hal_uart.o(.text) refers to stm32f1xx_hal.o(.text) for HAL_GetTick
    stm32f1xx_hal_uart.o(.text) refers to stm32f1xx_hal_dma.o(.text) for HAL_DMA_Start_IT
    stm32f1xx_hal_usart.o(.text) refers to stm32f1xx_hal_rcc.o(.text) for HAL_RCC_GetPCLK2Freq
    stm32f1xx_hal_usart.o(.text) refers to stm32f1xx_hal.o(.text) for HAL_GetTick
    stm32f1xx_hal_usart.o(.text) refers to stm32f1xx_hal_dma.o(.text) for HAL_DMA_Start_IT
    stm32f1xx_hal_sram.o(.text) refers to lcd.o(.text) for HAL_SRAM_MspInit
    stm32f1xx_hal_sram.o(.text) refers to stm32f1xx_ll_fsmc.o(.text) for FSMC_NORSRAM_Init
    stm32f1xx_hal_sram.o(.text) refers to stm32f1xx_hal_dma.o(.text) for HAL_DMA_Start_IT
    stm32f1xx_ll_fsmc.o(.text) refers to stm32f1xx_hal.o(.text) for HAL_GetTick
    stm32f1xx_hal_spi.o(.text) refers to spi.o(.text) for HAL_SPI_MspInit
    stm32f1xx_hal_spi.o(.text) refers to stm32f1xx_hal.o(.text) for HAL_GetTick
    stm32f1xx_hal_spi.o(.text) refers to system_stm32f1xx.o(.data) for SystemCoreClock
    stm32f1xx_hal_spi.o(.text) refers to stm32f1xx_hal_dma.o(.text) for HAL_DMA_Start_IT
[...]
    lv_img_decoder.o(.text) refers to strcpy.o(.text) for strcpy
    lv_img_decoder.o(.text) refers to lv_gc.o(.bss) for _lv_img_decoder_ll
    lv_draw_sw.o(.text) refers to lv_mem.o(.text) for lv_memset_00
    lv_draw_sw.o(.text) refers to lv_draw_sw_arc.o(.text) for lv_draw_sw_arc
    lv_draw_sw.o(.text) refers to lv_draw_sw_rect.o(.text) for lv_draw_sw_rect
    lv_draw_sw.o(.text) refers to lv_draw_sw_letter.o(.text) for lv_draw_sw_letter
    lv_draw_sw.o(.text) refers to lv_draw_sw_img.o(.text) for lv_draw_sw_img_decoded
    lv_draw_sw.o(.text) refers to lv_draw_sw_line.o(.text) for lv_draw_sw_line
    lv_draw_sw.o(.text) refers to lv_draw_sw_polygon.o(.text) for lv_draw_sw_polygon
    lv_draw_sw.o(.text) refers to lv_draw_sw_blend.o(.text) for lv_draw_sw_blend_basic
    lv_draw_sw_arc.o(.text) refers to lv_math.o(.text) for lv_trigo_sin
    lv_draw_sw_arc.o(.text) refers to lv_area.o(.text) for _lv_area_intersect
    lv_draw_sw_arc.o(.text) refers to lv_draw_rect.o(.text) for lv_draw_rect
    lv_draw_sw_arc.o(.text) refers to lv_draw_mask.o(.text) for lv_draw_mask_radius_init
    lv_draw_sw_blend.o(.text) refers to lv_area.o(.text) for _lv_area_intersect
    lv_draw_sw_blend.o(.text) refers to lv_mem.o(.text) for lv_memcpy
    lv_draw_sw_blend.o(.text) refers to lv_refr.o(.text) for _lv_refr_get_disp_refreshing
    lv_draw_sw_blend.o(.text) refers to lv_color.o(.text) for lv_color_fill
    lv_draw_sw_gradient.o(.text) refers to lv_mem.o(.text) for lv_memcpy
    lv_draw_sw_gradient.o(.text) refers to lv_draw_sw_gradient.o(.data) for grad_cache_size
    lv_draw_sw_gradient.o(.text) refers to lv_gc.o(.data) for _lv_grad_cache_mem
    lv_draw_sw_img.o(.text) refers to lv_draw_mask.o(.text) for lv_draw_mask_is_any
    lv_draw_sw_img.o(.text) refers to lv_mem.o(.text) for lv_memset_00
    lv_draw_sw_img.o(.text) refers to lv_draw_sw_blend.o(.text) for lv_draw_sw_blend
    lv_draw_sw_img.o(.text) refers to lv_refr.o(.text) for _lv_refr_get_disp_refreshing
    lv_draw_sw_img.o(.text) refers to lv_hal_disp.o(.text) for lv_disp_get_hor_res
    lv_draw_sw_img.o(.text) refers to lv_area.o(.text) for lv_area_get_size
    lv_draw_sw_img.o(.text) refers to lv_img_buf.o(.text) for _lv_img_buf_transform_init
    lv_draw_sw_letter.o(.text) refers to lv_mem.o(.text) for lv_memset_00
    lv_draw_sw_letter.o(.text) refers to lv_refr.o(.text) for _lv_refr_get_disp_refreshing
    lv_draw_sw_letter.o(.text) refers to lv_hal_disp.o(.text) for lv_disp_get_hor_res
    lv_draw_sw_letter.o(.text) refers to lv_draw_mask.o(.text) for lv_draw_mask_is_any
    lv_draw_sw_letter.o(.text) refers to lv_draw_sw_blend.o(.text) for lv_draw_sw_blend
    lv_draw_sw_letter.o(.text) refers to lv_font.o(.text) for lv_font_get_glyph_dsc
    lv_draw_sw_letter.o(.text) refers to lv_draw_sw_letter.o(.constdata) for _lv_bpp1_opa_table
    lv_draw_sw_letter.o(.text) refers to lv_draw_sw_letter.o(.data) for prev_opa
    lv_draw_sw_letter.o(.text) refers to lv_draw_sw_letter.o(.bss) for opa_table
    lv_draw_sw_line.o(.text) refers to lv_area.o(.text) for _lv_area_intersect
    lv_draw_sw_line.o(.text) refers to lv_draw_mask.o(.text) for lv_draw_mask_line_points_init
    lv_draw_sw_line.o(.text) refers to lv_refr.o(.text) for _lv_refr_get_disp_refreshing
    lv_draw_sw_line.o(.text) refers to lv_hal_disp.o(.text) for lv_disp_get_hor_res
    lv_draw_sw_line.o(.text) refers to lv_mem.o(.text) for lv_mem_buf_get
    lv_draw_sw_line.o(.text) refers to lv_draw_sw_blend.o(.text) for lv_draw_sw_blend
    lv_draw_sw_line.o(.text) refers to lv_draw_sw_line.o(.constdata) for wcorr
    lv_draw_sw_line.o(.text) refers to lv_draw_rect.o(.text) for lv_draw_rect_dsc_init
    lv_draw_sw_polygon.o(.text) refers to lv_mem.o(.text) for lv_mem_buf_get
    lv_draw_sw_polygon.o(.text) refers to lv_area.o(.text) for _lv_area_intersect
    lv_draw_sw_polygon.o(.text) refers to lv_draw_mask.o(.text) for lv_draw_mask_line_points_init
    lv_draw_sw_polygon.o(.text) refers to lv_draw_rect.o(.text) for lv_draw_rect
    lv_draw_sw_polygon.o(.text) refers to lv_draw_sw_polygon.o(.constdata) for .constdata
    lv_draw_sw_rect.o(.text) refers to lv_mem.o(.text) for lv_memset_00
    lv_draw_sw_rect.o(.text) refers to lv_draw_sw_blend.o(.text) for lv_draw_sw_blend
    lv_draw_sw_rect.o(.text) refers to lv_draw_mask.o(.text) for lv_draw_mask_is_any
    lv_draw_sw_rect.o(.text) refers to lv_area.o(.text) for _lv_area_intersect
    lv_draw_sw_rect.o(.text) refers to lv_draw_img.o(.text) for lv_img_src_get_type
    lv_draw_sw_rect.o(.text) refers to lv_txt.o(.text) for lv_txt_get_size
    lv_draw_sw_rect.o(.text) refers to lv_draw_label.o(.text) for lv_draw_label_dsc_init
    lv_draw_sw_rect.o(.text) refers to lv_img_decoder.o(.text) for lv_img_decoder_get_info
    lv_draw_sw_rect.o(.text) refers to rt_memclr_w.o(.text) for __aeabi_memclr4
    lv_draw_sw_rect.o(.text) refers to lv_draw_sw_gradient.o(.text) for lv_gradient_get
    lv_flex.o(.text) refers to lv_obj_pos.o(.text) for lv_obj_get_content_width
    lv_flex.o(.text) refers to lv_obj_tree.o(.text) for lv_obj_get_child
    lv_flex.o(.text) refers to lv_obj.o(.text) for lv_obj_has_flag_any
    lv_flex.o(.text) refers to lv_event.o(.text) for lv_event_send
    lv_flex.o(.text) refers to lv_obj_style.o(.text) for lv_obj_get_style_prop
    lv_flex.o(.text) refers to lv_area.o(.text) for lv_area_set_width
    lv_flex.o(.text) refers to lv_mem.o(.text) for lv_mem_buf_get
    lv_flex.o(.text) refers to lv_obj_scroll.o(.text) for lv_obj_get_scroll_y
    lv_flex.o(.text) refers to lv_flex.o(.data) for LV_STYLE_FLEX_FLOW
    lv_flex.o(.text) refers to lv_style.o(.text) for lv_style_register_prop
    lv_flex.o(.text) refers to lv_obj_style_gen.o(.text) for lv_obj_set_style_layout
    lv_grid.o(.text) refers to lv_obj_style.o(.text) for lv_obj_get_style_prop
    lv_grid.o(.text) refers to lv_mem.o(.text) for lv_mem_buf_release
    lv_grid.o(.text) refers to lv_obj.o(.text) for lv_obj_has_flag_any
    lv_grid.o(.text) refers to lv_obj_pos.o(.text) for lv_obj_get_width
    lv_grid.o(.text) refers to lv_area.o(.text) for lv_area_set_width
    lv_grid.o(.text) refers to lv_event.o(.text) for lv_event_send
    lv_grid.o(.text) refers to lv_obj_tree.o(.text) for lv_obj_get_parent
    lv_grid.o(.text) refers to lv_grid.o(.data) for LV_STYLE_GRID_COLUMN_DSC_ARRAY
    lv_grid.o(.text) refers to lv_obj_scroll.o(.text) for lv_obj_get_scroll_x
    lv_grid.o(.text) refers to lv_style.o(.text) for lv_style_register_prop
    lv_grid.o(.text) refers to lv_obj_style_gen.o(.text) for lv_obj_set_style_layout
    qrcodegen.o(.text) refers to assert.o(.text) for __aeabi_assert
    qrcodegen.o(.text) refers to qrcodegen.o(.conststring) for .conststring
    qrcodegen.o(.text) refers to qrcodegen.o(.constdata) for table
    qrcodegen.o(.text) refers to rt_memmove_v6.o(.text) for __aeabi_memmove
    qrcodegen.o(.text) refers to rt_memclr.o(.text) for __aeabi_memclr
    qrcodegen.o(.text) refers to strlen.o(.text) for strlen
    qrcodegen.o(.text) refers to strchr.o(.text) for strchr
    qrcodegen.o(.text) refers to qrcodegen.o(.data) for ALPHANUMERIC_CHARSET
    qrcodegen.o(.text) refers to rt_memcpy_v6.o(.text) for __aeabi_memcpy
    qrcodegen.o(.data) refers to qrcodegen.o(.conststring) for .conststring
    lv_theme_basic.o(.text) refers to lv_style.o(.text) for lv_style_reset
    lv_theme_basic.o(.text) refers to lv_style_gen.o(.text) for lv_style_set_bg_opa
    lv_theme_basic.o(.text) refers to lv_color.o(.text) for lv_palette_main
    lv_theme_basic.o(.text) refers to lv_obj_tree.o(.text) for lv_obj_get_parent
    lv_theme_basic.o(.text) refers to lv_obj_style.o(.text) for lv_obj_add_style
    lv_theme_basic.o(.text) refers to lv_obj.o(.text) for lv_obj_check_type
    lv_theme_basic.o(.text) refers to lv_theme_basic.o(.data) for inited
    lv_theme_basic.o(.text) refers to lv_gc.o(.data) for _lv_theme_basic_styles
    lv_theme_basic.o(.text) refers to lv_obj.o(.constdata) for lv_obj_class
    lv_theme_basic.o(.text) refers to lv_tabview.o(.constdata) for lv_tabview_class
    lv_theme_basic.o(.text) refers to lv_win.o(.constdata) for lv_win_class
    lv_theme_basic.o(.text) refers to lv_btn.o(.constdata) for lv_btn_class
    lv_theme_basic.o(.text) refers to lv_btnmatrix.o(.constdata) for lv_btnmatrix_class
    lv_theme_basic.o(.text) refers to lv_msgbox.o(.constdata) for lv_msgbox_class
    lv_theme_basic.o(.text) refers to lv_bar.o(.constdata) for lv_bar_class
    lv_theme_basic.o(.text) refers to lv_slider.o(.constdata) for lv_slider_class
    lv_theme_basic.o(.text) refers to lv_table.o(.constdata) for lv_table_class
    lv_theme_basic.o(.text) refers to lv_checkbox.o(.constdata) for lv_checkbox_class
    lv_theme_basic.o(.text) refers to lv_switch.o(.constdata) for lv_switch_class
    lv_theme_basic.o(.text) refers to lv_chart.o(.constdata) for lv_chart_class
    lv_theme_basic.o(.text) refers to lv_roller.o(.constdata) for lv_roller_class
    lv_theme_basic.o(.text) refers to lv_dropdown.o(.constdata) for lv_dropdown_class
    lv_theme_basic.o(.text) refers to lv_arc.o(.constdata) for lv_arc_class
    lv_theme_basic.o(.text) refers to lv_spinner.o(.constdata) for lv_spinner_class
    lv_theme_basic.o(.text) refers to lv_colorwheel.o(.constdata) for lv_colorwheel_class
    lv_theme_basic.o(.text) refers to lv_meter.o(.constdata) for lv_meter_class
    lv_theme_basic.o(.text) refers to lv_mem.o(.text) for lv_mem_alloc
    lv_theme_basic.o(.text) refers to lv_disp.o(.text) for lv_disp_get_theme
    lv_theme_basic.o(.text) refers to lv_textarea.o(.constdata) for lv_textarea_class
    lv_theme_basic.o(.text) refers to lv_calendar.o(.constdata) for lv_calendar_class
    lv_theme_basic.o(.text) refers to lv_keyboard.o(.constdata) for lv_keyboard_class
    lv_theme_basic.o(.text) refers to lv_list.o(.constdata) for lv_list_class
    lv_theme_basic.o(.text) refers to lv_spinbox.o(.constdata) for lv_spinbox_class
    lv_theme_basic.o(.text) refers to lv_tileview.o(.constdata) for lv_tileview_class
    lv_theme_basic.o(.text) refers to lv_led.o(.constdata) for lv_led_class
    lv_theme_basic.o(.text) refers to lv_theme_basic.o(.bss) for theme
    lv_theme_basic.o(.text) refers to lv_font_montserrat_14.o(.constdata) for lv_font_montserrat_14
    lv_theme_default.o(.text) refers to lv_style_gen.o(.text) for lv_style_set_pad_left
    lv_theme_default.o(.text) refers to lv_hal_disp.o(.text) for lv_disp_get_dpi
    lv_theme_default.o(.text) refers to lv_color.o(.text) for lv_color_darken
    lv_theme_default.o(.text) refers to lv_style.o(.text) for lv_style_reset
    lv_theme_default.o(.text) refers to lv_theme_default.o(.bss) for theme
    lv_theme_default.o(.text) refers to lv_theme_default.o(.data) for inited
    lv_theme_default.o(.text) refers to lv_anim.o(.text) for lv_anim_path_linear
    lv_theme_default.o(.text) refers to lv_theme_default.o(.constdata) for trans_props
    lv_theme_default.o(.text) refers to lv_obj_tree.o(.text) for lv_obj_get_parent
    lv_theme_default.o(.text) refers to lv_obj_style.o(.text) for lv_obj_add_style
    lv_theme_default.o(.text) refers to lv_obj.o(.text) for lv_obj_check_type
    lv_theme_default.o(.text) refers to lv_obj.o(.constdata) for lv_obj_class
    lv_theme_default.o(.text) refers to lv_tabview.o(.constdata) for lv_tabview_class
    lv_theme_default.o(.text) refers to lv_win.o(.constdata) for lv_win_class
    lv_theme_default.o(.text) refers to lv_calendar.o(.constdata) for lv_calendar_class
    lv_theme_default.o(.text) refers to lv_btn.o(.constdata) for lv_btn_class
    lv_theme_default.o(.text) refers to lv_menu.o(.constdata) for lv_menu_sidebar_header_cont_class
    lv_theme_default.o(.text) refers to lv_line.o(.constdata) for lv_line_class
    lv_theme_default.o(.text) refers to lv_btnmatrix.o(.constdata) for lv_btnmatrix_class
    lv_theme_default.o(.text) refers to lv_msgbox.o(.constdata) for lv_msgbox_class
    lv_theme_default.o(.text) refers to lv_bar.o(.constdata) for lv_bar_class
    lv_theme_default.o(.text) refers to lv_slider.o(.constdata) for lv_slider_class
    lv_theme_default.o(.text) refers to lv_table.o(.constdata) for lv_table_class
    lv_theme_default.o(.text) refers to lv_checkbox.o(.constdata) for lv_checkbox_class
    lv_theme_default.o(.text) refers to lv_switch.o(.constdata) for lv_switch_class
    lv_theme_default.o(.text) refers to lv_chart.o(.constdata) for lv_chart_class
    lv_theme_default.o(.text) refers to lv_roller.o(.constdata) for lv_roller_class
    lv_theme_default.o(.text) refers to lv_dropdown.o(.constdata) for lv_dropdown_class
    lv_theme_default.o(.text) refers to lv_arc.o(.constdata) for lv_arc_class
    lv_theme_default.o(.text) refers to lv_spinner.o(.constdata) for lv_spinner_class
    lv_theme_default.o(.text) refers to lv_meter.o(.constdata) for lv_meter_class
    lv_theme_default.o(.text) refers to lv_textarea.o(.constdata) for lv_textarea_class
    lv_theme_default.o(.text) refers to lv_calendar_header_arrow.o(.constdata) for lv_calendar_header_arrow_class
    lv_theme_default.o(.text) refers to lv_calendar_header_dropdown.o(.constdata) for lv_calendar_header_dropdown_class
    lv_theme_default.o(.text) refers to lv_keyboard.o(.constdata) for lv_keyboard_class
    lv_theme_default.o(.text) refers to lv_list.o(.constdata) for lv_list_class
    lv_theme_default.o(.text) refers to lv_mem.o(.text) for lv_mem_alloc
    lv_theme_default.o(.text) refers to lv_disp.o(.text) for lv_disp_get_theme
    lv_theme_default.o(.text) refers to lv_spinbox.o(.constdata) for lv_spinbox_class
    lv_theme_default.o(.text) refers to lv_tileview.o(.constdata) for lv_tileview_class
    lv_theme_default.o(.text) refers to lv_colorwheel.o(.constdata) for lv_colorwheel_class
    lv_theme_default.o(.text) refers to lv_led.o(.constdata) for lv_led_class
    lv_theme_default.o(.text) refers to lv_gc.o(.data) for _lv_theme_default_styles
    lv_theme_mono.o(.text) refers to lv_style_gen.o(.text) for lv_style_set_pad_left
    lv_theme_mono.o(.text) refers to lv_style.o(.text) for lv_style_reset
    lv_theme_mono.o(.text) refers to lv_theme_mono.o(.data) for inited
    lv_theme_mono.o(.text) refers to lv_obj_tree.o(.text) for lv_obj_get_parent
    lv_theme_mono.o(.text) refers to lv_obj_style.o(.text) for lv_obj_add_style
    lv_theme_mono.o(.text) refers to lv_obj.o(.text) for lv_obj_check_type
    lv_theme_mono.o(.text) refers to lv_gc.o(.data) for _lv_theme_default_styles
    lv_theme_mono.o(.text) refers to lv_obj.o(.constdata) for lv_obj_class
    lv_theme_mono.o(.text) refers to lv_tabview.o(.constdata) for lv_tabview_class
    lv_theme_mono.o(.text) refers to lv_win.o(.constdata) for lv_win_class
    lv_theme_mono.o(.text) refers to lv_btn.o(.constdata) for lv_btn_class
    lv_theme_mono.o(.text) refers to lv_btnmatrix.o(.constdata) for lv_btnmatrix_class
    lv_theme_mono.o(.text) refers to lv_msgbox.o(.constdata) for lv_msgbox_class
    lv_theme_mono.o(.text) refers to lv_bar.o(.constdata) for lv_bar_class
    lv_theme_mono.o(.text) refers to lv_slider.o(.constdata) for lv_slider_class
    lv_theme_mono.o(.text) refers to lv_table.o(.constdata) for lv_table_class
    lv_theme_mono.o(.text) refers to lv_checkbox.o(.constdata) for lv_checkbox_class
    lv_theme_mono.o(.text) refers to lv_switch.o(.constdata) for lv_switch_class
    lv_theme_mono.o(.text) refers to lv_chart.o(.constdata) for lv_chart_class
    lv_theme_mono.o(.text) refers to lv_roller.o(.constdata) for lv_roller_class
    lv_theme_mono.o(.text) refers to lv_dropdown.o(.constdata) for lv_dropdown_class
    lv_theme_mono.o(.text) refers to lv_arc.o(.constdata) for lv_arc_class
    lv_theme_mono.o(.text) refers to lv_meter.o(.constdata) for lv_meter_class
    lv_theme_mono.o(.text) refers to lv_textarea.o(.constdata) for lv_textarea_class
    lv_theme_mono.o(.text) refers to lv_mem.o(.text) for lv_mem_alloc
    lv_theme_mono.o(.text) refers to lv_disp.o(.text) for lv_disp_get_theme
    lv_theme_mono.o(.text) refers to lv_calendar.o(.constdata) for lv_calendar_class
    lv_theme_mono.o(.text) refers to lv_keyboard.o(.constdata) for lv_keyboard_class
    lv_theme_mono.o(.text) refers to lv_list.o(.constdata) for lv_list_class
    lv_theme_mono.o(.text) refers to lv_spinbox.o(.constdata) for lv_spinbox_class
    lv_theme_mono.o(.text) refers to lv_tileview.o(.constdata) for lv_tileview_class
    lv_theme_mono.o(.text) refers to lv_led.o(.constdata) for lv_led_class
    lv_theme_mono.o(.text) refers to lv_theme_mono.o(.bss) for theme
    lv_theme_mono.o(.text) refers to lv_font_montserrat_14.o(.constdata) for lv_font_montserrat_14
    lv_animimg.o(.text) refers to lv_obj_class.o(.text) for lv_obj_class_create_obj
    lv_animimg.o(.text) refers to lv_anim.o(.text) for lv_anim_start
    lv_animimg.o(.text) refers to lv_img.o(.text) for lv_img_set_src
    lv_animimg.o(.text) refers to lv_animimg.o(.constdata) for lv_animimg_class
    lv_animimg.o(.constdata) refers to lv_img.o(.constdata) for lv_img_class
    lv_animimg.o(.constdata) refers to lv_animimg.o(.text) for lv_animimg_constructor
    lv_calendar.o(.text) refers to lv_obj_class.o(.text) for lv_obj_class_create_obj
    lv_calendar.o(.text) refers to lv_obj_pos.o(.text) for lv_obj_invalidate
    lv_calendar.o(.text) refers to lv_btnmatrix.o(.text) for lv_btnmatrix_clear_btn_ctrl_all
    lv_calendar.o(.text) refers to lv_printf.o(.text) for lv_snprintf
    lv_calendar.o(.text) refers to lv_obj_tree.o(.text) for lv_obj_get_child_cnt
    lv_calendar.o(.text) refers to lv_event.o(.text) for lv_event_send
    lv_calendar.o(.text) refers to lv_calendar.o(.constdata) for lv_calendar_class
    lv_calendar.o(.text) refers to lv_color.o(.text) for lv_palette_main
    lv_calendar.o(.text) refers to lv_theme.o(.text) for lv_theme_get_color_primary
    lv_calendar.o(.text) refers to lv_mem.o(.text) for lv_memset_00
    lv_calendar.o(.text) refers to lv_flex.o(.text) for lv_obj_set_flex_flow
    lv_calendar.o(.text) refers to lv_obj.o(.text) for lv_obj_add_flag
    lv_calendar.o(.text) refers to lv_calendar.o(.data) for day_names_def
    lv_calendar.o(.constdata) refers to lv_obj.o(.constdata) for lv_obj_class
    lv_calendar.o(.constdata) refers to lv_calendar.o(.text) for lv_calendar_constructor
    lv_calendar.o(.data) refers to lv_calendar.o(.conststring) for .conststring
    lv_calendar_header_arrow.o(.text) refers to lv_obj_class.o(.text) for lv_obj_class_create_obj
    lv_calendar_header_arrow.o(.text) refers to lv_event.o(.text) for lv_event_get_target
    lv_calendar_header_arrow.o(.text) refers to lv_obj_tree.o(.text) for lv_obj_get_parent
    lv_calendar_header_arrow.o(.text) refers to lv_calendar.o(.text) for lv_calendar_get_showed_date
    lv_calendar_header_arrow.o(.text) refers to lv_label.o(.text) for lv_label_set_text_fmt
    lv_calendar_header_arrow.o(.text) refers to lv_flex.o(.text) for lv_obj_set_flex_flow
    lv_calendar_header_arrow.o(.text) refers to lv_btn.o(.text) for lv_btn_create
    lv_calendar_header_arrow.o(.text) refers to lv_obj_style_gen.o(.text) for lv_obj_set_style_bg_img_src
    lv_calendar_header_arrow.o(.text) refers to lv_obj_pos.o(.text) for lv_obj_set_height
    lv_calendar_header_arrow.o(.text) refers to lv_obj.o(.text) for lv_obj_clear_flag
    lv_calendar_header_arrow.o(.text) refers to lv_calendar_header_arrow.o(.constdata) for lv_calendar_header_arrow_class
    lv_calendar_header_arrow.o(.text) refers to lv_calendar_header_arrow.o(.data) for month_names_def
    lv_calendar_header_arrow.o(.constdata) refers to lv_obj.o(.constdata) for lv_obj_class
    lv_calendar_header_arrow.o(.constdata) refers to lv_calendar_header_arrow.o(.text) for my_constructor
    lv_calendar_header_arrow.o(.data) refers to lv_calendar_header_arrow.o(.conststring) for .conststring
    lv_calendar_header_dropdown.o(.text) refers to lv_obj_class.o(.text) for lv_obj_class_create_obj
    lv_calendar_header_dropdown.o(.text) refers to lv_event.o(.text) for lv_event_get_target
    lv_calendar_header_dropdown.o(.text) refers to lv_obj_tree.o(.text) for lv_obj_get_parent
    lv_calendar_header_dropdown.o(.text) refers to lv_calendar.o(.text) for lv_calendar_get_showed_date
    lv_calendar_header_dropdown.o(.text) refers to lv_dropdown.o(.text) for lv_dropdown_set_selected
    lv_calendar_header_dropdown.o(.text) refers to lv_flex.o(.text) for lv_obj_set_flex_flow
    lv_calendar_header_dropdown.o(.text) refers to lv_calendar_header_dropdown.o(.constdata) for lv_calendar_header_dropdown_class
    lv_calendar_header_dropdown.o(.text) refers to lv_calendar_header_dropdown.o(.data) for year_list
    lv_calendar_header_dropdown.o(.constdata) refers to lv_obj.o(.constdata) for lv_obj_class
    lv_calendar_header_dropdown.o(.constdata) refers to lv_calendar_header_dropdown.o(.text) for my_constructor
    lv_calendar_header_dropdown.o(.data) refers to lv_calendar_header_dropdown.o(.conststring) for .conststring
    lv_chart.o(.text) refers to lv_obj_class.o(.text) for lv_obj_class_create_obj
    lv_chart.o(.text) refers to lv_obj_pos.o(.text) for lv_obj_invalidate
    lv_chart.o(.text) refers to lv_ll.o(.text) for _lv_ll_get_tail
    lv_chart.o(.text) refers to lv_mem.o(.text) for lv_mem_free
    lv_chart.o(.text) refers to lv_obj_scroll.o(.text) for lv_obj_readjust_scroll
    lv_chart.o(.text) refers to lv_chart.o(.constdata) for lv_chart_class
    lv_chart.o(.text) refers to lv_obj_draw.o(.text) for lv_obj_refresh_ext_draw_size
    lv_chart.o(.text) refers to lv_math.o(.text) for lv_map
    lv_chart.o(.text) refers to lv_obj_style.o(.text) for lv_obj_get_style_prop
    lv_chart.o(.text) refers to lv_area.o(.text) for _lv_area_intersect
    lv_chart.o(.text) refers to lv_draw_line.o(.text) for lv_draw_line_dsc_init
    lv_chart.o(.text) refers to lv_draw_rect.o(.text) for lv_draw_rect_dsc_init
    lv_chart.o(.text) refers to lv_event.o(.text) for lv_event_send
    lv_chart.o(.text) refers to lv_draw_label.o(.text) for lv_draw_label_dsc_init
    lv_chart.o(.text) refers to lv_printf.o(.text) for lv_snprintf
    lv_chart.o(.text) refers to lv_txt.o(.text) for lv_txt_get_size
    lv_chart.o(.text) refers to lv_indev.o(.text) for lv_indev_get_act
    lv_chart.o(.constdata) refers to lv_obj.o(.constdata) for lv_obj_class
    lv_chart.o(.constdata) refers to lv_chart.o(.text) for lv_chart_constructor
    lv_colorwheel.o(.text) refers to lv_obj_class.o(.text) for lv_obj_class_create_obj
    lv_colorwheel.o(.text) refers to lv_obj_pos.o(.text) for lv_obj_invalidate_area
    lv_colorwheel.o(.text) refers to lv_math.o(.text) for lv_trigo_sin
    lv_colorwheel.o(.text) refers to lv_color.o(.text) for lv_color_rgb_to_hsv
    lv_colorwheel.o(.text) refers to lv_obj.o(.text) for lv_obj_add_flag
    lv_colorwheel.o(.text) refers to lv_colorwheel.o(.data) for create_knob_recolor
    lv_colorwheel.o(.text) refers to lv_colorwheel.o(.constdata) for lv_colorwheel_class
    lv_colorwheel.o(.text) refers to lv_event.o(.text) for lv_event_get_target
    lv_colorwheel.o(.text) refers to lv_draw_line.o(.text) for lv_draw_line_dsc_init
    lv_colorwheel.o(.text) refers to lv_obj_draw.o(.text) for lv_obj_init_draw_line_dsc
    lv_colorwheel.o(.text) refers to lv_draw_mask.o(.text) for lv_draw_mask_radius_init
    lv_colorwheel.o(.text) refers to lv_draw_rect.o(.text) for lv_draw_rect_dsc_init
    lv_colorwheel.o(.text) refers to lv_indev.o(.text) for lv_indev_get_act
    lv_colorwheel.o(.text) refers to lv_hal_tick.o(.text) for lv_tick_elaps
    lv_colorwheel.o(.text) refers to lv_area.o(.text) for _lv_area_is_point_on
    lv_colorwheel.o(.text) refers to lv_obj_style.o(.text) for lv_obj_get_style_prop
    lv_colorwheel.o(.constdata) refers to lv_obj.o(.constdata) for lv_obj_class
    lv_colorwheel.o(.constdata) refers to lv_colorwheel.o(.text) for lv_colorwheel_constructor
    lv_imgbtn.o(.text) refers to lv_obj_class.o(.text) for lv_obj_class_create_obj
    lv_imgbtn.o(.text) refers to lv_obj.o(.text) for lv_obj_get_state
    lv_imgbtn.o(.text) refers to lv_img_decoder.o(.text) for lv_img_decoder_get_info
    lv_imgbtn.o(.text) refers to lv_obj_pos.o(.text) for lv_obj_refresh_self_size
    lv_imgbtn.o(.text) refers to lv_mem.o(.text) for lv_memset_00
    lv_imgbtn.o(.text) refers to lv_event.o(.text) for lv_event_get_target
    lv_imgbtn.o(.text) refers to lv_obj_style.o(.text) for lv_obj_get_style_prop
    lv_imgbtn.o(.text) refers to lv_draw_img.o(.text) for lv_draw_img_dsc_init
    lv_imgbtn.o(.text) refers to lv_obj_draw.o(.text) for lv_obj_init_draw_img_dsc
    lv_imgbtn.o(.text) refers to lv_area.o(.text) for _lv_area_intersect
    lv_imgbtn.o(.text) refers to lv_imgbtn.o(.constdata) for lv_imgbtn_class
    lv_imgbtn.o(.constdata) refers to lv_obj.o(.constdata) for lv_obj_class
    lv_imgbtn.o(.constdata) refers to lv_imgbtn.o(.text) for lv_imgbtn_constructor
    lv_keyboard.o(.text) refers to lv_obj_class.o(.text) for lv_obj_class_create_obj
    lv_keyboard.o(.text) refers to lv_obj.o(.text) for lv_obj_clear_state
    lv_keyboard.o(.text) refers to lv_btnmatrix.o(.text) for lv_btnmatrix_set_ctrl_map
    lv_keyboard.o(.text) refers to lv_mem.o(.text) for lv_mem_alloc
    lv_keyboard.o(.text) refers to lv_event.o(.text) for lv_event_get_target
    lv_keyboard.o(.text) refers to strcmpv7m.o(.text) for strcmp
    lv_keyboard.o(.text) refers to lv_textarea.o(.text) for lv_textarea_add_char
    lv_keyboard.o(.text) refers to lv_obj_pos.o(.text) for lv_obj_align
    lv_keyboard.o(.text) refers to lv_obj_style_gen.o(.text) for lv_obj_set_style_base_dir
    lv_keyboard.o(.text) refers to lv_keyboard.o(.constdata) for lv_keyboard_class
    lv_keyboard.o(.text) refers to lv_keyboard.o(.data) for kb_ctrl
    lv_keyboard.o(.constdata) refers to lv_btnmatrix.o(.constdata) for lv_btnmatrix_class
    lv_keyboard.o(.constdata) refers to lv_keyboard.o(.text) for lv_keyboard_constructor
    lv_keyboard.o(.constdata) refers to lv_keyboard.o(.conststring) for .conststring
    lv_keyboard.o(.data) refers to lv_keyboard.o(.constdata) for default_kb_map_lc
    lv_led.o(.text) refers to lv_obj_class.o(.text) for lv_obj_class_create_obj
    lv_led.o(.text) refers to lv_obj_pos.o(.text) for lv_obj_invalidate
    lv_led.o(.text) refers to lv_theme.o(.text) for lv_theme_get_color_primary
    lv_led.o(.text) refers to lv_event.o(.text) for lv_event_get_code
    lv_led.o(.text) refers to lv_draw_rect.o(.text) for lv_draw_rect_dsc_init
    lv_led.o(.text) refers to lv_obj_draw.o(.text) for lv_obj_init_draw_rect_dsc
    lv_led.o(.text) refers to lv_led.o(.constdata) for lv_led_class
    lv_led.o(.constdata) refers to lv_obj.o(.constdata) for lv_obj_class
    lv_led.o(.constdata) refers to lv_led.o(.text) for lv_led_constructor
    lv_list.o(.text) refers to lv_obj_class.o(.text) for lv_obj_class_create_obj
    lv_list.o(.text) refers to lv_flex.o(.text) for lv_obj_set_flex_flow
    lv_list.o(.text) refers to lv_label.o(.text) for lv_label_set_text
    lv_list.o(.text) refers to lv_obj_pos.o(.text) for lv_obj_set_width
    lv_list.o(.text) refers to lv_img.o(.text) for lv_img_create
    lv_list.o(.text) refers to lv_obj_tree.o(.text) for lv_obj_get_child
    lv_list.o(.text) refers to lv_obj.o(.text) for lv_obj_check_type
    lv_list.o(.text) refers to lv_list.o(.constdata) for lv_list_class
    lv_list.o(.text) refers to lv_label.o(.constdata) for lv_label_class
    lv_list.o(.constdata) refers to lv_obj.o(.constdata) for lv_obj_class
    lv_list.o(.constdata) refers to lv_btn.o(.constdata) for lv_btn_class
    lv_list.o(.constdata) refers to lv_label.o(.constdata) for lv_label_class
    lv_menu.o(.text) refers to lv_obj_class.o(.text) for lv_obj_class_create_obj
    lv_menu.o(.text) refers to lv_obj_tree.o(.text) for lv_obj_move_to_index
    lv_menu.o(.text) refers to lv_flex.o(.text) for lv_obj_set_flex_grow
    lv_menu.o(.text) refers to lv_obj_pos.o(.text) for lv_obj_refr_size
    lv_menu.o(.text) refers to lv_obj.o(.text) for lv_obj_add_flag
    lv_menu.o(.text) refers to lv_ll.o(.text) for _lv_ll_clear
    lv_menu.o(.text) refers to lv_event.o(.text) for lv_event_send
    lv_menu.o(.text) refers to lv_mem.o(.text) for lv_mem_free
    lv_menu.o(.text) refers to lv_menu.o(.constdata) for lv_menu_class
    lv_menu.o(.text) refers to lv_btn.o(.text) for lv_btn_create
    lv_menu.o(.text) refers to lv_img.o(.text) for lv_img_create
    lv_menu.o(.text) refers to lv_label.o(.text) for lv_label_create
    lv_menu.o(.text) refers to lv_flex.o(.data) for LV_LAYOUT_FLEX
    lv_menu.o(.constdata) refers to lv_obj.o(.constdata) for lv_obj_class
    lv_menu.o(.constdata) refers to lv_menu.o(.text) for lv_menu_constructor
    lv_meter.o(.text) refers to lv_obj_class.o(.text) for lv_obj_class_create_obj
    lv_meter.o(.text) refers to lv_ll.o(.text) for _lv_ll_ins_head
    lv_meter.o(.text) refers to lv_mem.o(.text) for lv_memset_00
    lv_meter.o(.text) refers to lv_obj_pos.o(.text) for lv_obj_invalidate
    lv_meter.o(.text) refers to lv_math.o(.text) for lv_map
    lv_meter.o(.text) refers to lv_img_decoder.o(.text) for lv_img_decoder_get_info
    lv_meter.o(.text) refers to lv_meter.o(.constdata) for lv_meter_class
    lv_meter.o(.text) refers to lv_img_buf.o(.text) for _lv_img_buf_get_transformed_area
    lv_meter.o(.text) refers to lv_draw_arc.o(.text) for lv_draw_arc_get_area
    lv_meter.o(.text) refers to lv_draw_line.o(.text) for lv_draw_line_dsc_init
    lv_meter.o(.text) refers to lv_obj_draw.o(.text) for lv_obj_init_draw_line_dsc
    lv_meter.o(.text) refers to lv_draw_img.o(.text) for lv_draw_img_dsc_init
    lv_meter.o(.text) refers to lv_event.o(.text) for lv_event_send
    lv_meter.o(.text) refers to lv_draw_label.o(.text) for lv_draw_label_dsc_init
    lv_meter.o(.text) refers to lv_draw_mask.o(.text) for lv_draw_mask_radius_init
    lv_meter.o(.text) refers to lv_printf.o(.text) for lv_snprintf
    lv_meter.o(.text) refers to lv_txt.o(.text) for lv_txt_get_size
    lv_meter.o(.text) refers to lv_draw_rect.o(.text) for lv_draw_rect_dsc_init
    lv_meter.o(.text) refers to lv_obj_style.o(.text) for lv_obj_get_style_prop
    lv_meter.o(.constdata) refers to lv_obj.o(.constdata) for lv_obj_class
    lv_meter.o(.constdata) refers to lv_meter.o(.text) for lv_meter_constructor
    lv_msgbox.o(.text) refers to lv_obj.o(.text) for lv_obj_has_flag
    lv_msgbox.o(.text) refers to lv_obj_tree.o(.text) for lv_obj_get_parent
    lv_msgbox.o(.text) refers to lv_event.o(.text) for lv_event_get_target
    lv_msgbox.o(.text) refers to lv_hal_disp.o(.text) for lv_disp_get_default
    lv_msgbox.o(.text) refers to lv_disp.o(.text) for lv_disp_get_layer_top
    lv_msgbox.o(.text) refers to lv_obj_class.o(.text) for lv_obj_class_create_obj
    lv_msgbox.o(.text) refers to lv_obj_pos.o(.text) for lv_obj_set_size
    lv_msgbox.o(.text) refers to lv_flex.o(.text) for lv_obj_set_flex_flow
    lv_msgbox.o(.text) refers to strlen.o(.text) for strlen
    lv_msgbox.o(.text) refers to lv_label.o(.text) for lv_label_create
    lv_msgbox.o(.text) refers to lv_btn.o(.text) for lv_btn_create
    lv_msgbox.o(.text) refers to lv_btnmatrix.o(.text) for lv_btnmatrix_create
    lv_msgbox.o(.text) refers to lv_obj_style_gen.o(.text) for lv_obj_set_style_max_width
    lv_msgbox.o(.text) refers to lv_obj_style.o(.text) for lv_obj_get_style_prop
    lv_msgbox.o(.text) refers to lv_msgbox.o(.constdata) for lv_msgbox_backdrop_class
    lv_msgbox.o(.constdata) refers to lv_obj.o(.constdata) for lv_obj_class
    lv_span.o(.text) refers to lv_obj_class.o(.text) for lv_obj_class_create_obj
    lv_span.o(.text) refers to lv_obj_pos.o(.text) for lv_obj_refresh_self_size
    lv_span.o(.text) refers to lv_ll.o(.text) for _lv_ll_ins_tail
    lv_span.o(.text) refers to lv_style.o(.text) for lv_style_init
    lv_span.o(.text) refers to lv_mem.o(.text) for lv_mem_free
    lv_span.o(.text) refers to strlen.o(.text) for strlen
    lv_span.o(.text) refers to strcpy.o(.text) for strcpy
    lv_span.o(.text) refers to lv_obj_style_gen.o(.text) for lv_obj_set_style_text_align
    lv_span.o(.text) refers to lv_txt.o(.text) for _lv_txt_get_next_line
    lv_span.o(.text) refers to lv_obj_style.o(.text) for lv_obj_get_style_prop
    lv_span.o(.text) refers to rt_memclr_w.o(.text) for __aeabi_memclr4
    lv_span.o(.text) refers to lv_span.o(.constdata) for lv_spangroup_class
    lv_span.o(.text) refers to lv_font.o(.text) for lv_font_get_glyph_width
    lv_span.o(.text) refers to lv_txt.o(.data) for _lv_txt_encoded_prev
    lv_span.o(.text) refers to rt_memcpy_w.o(.text) for __aeabi_memcpy4
    lv_span.o(.text) refers to lv_area.o(.text) for _lv_area_intersect
    lv_span.o(.text) refers to lv_draw_label.o(.text) for lv_draw_label_dsc_init
    lv_span.o(.text) refers to lv_span.o(.bss) for snippet_stack
    lv_span.o(.text) refers to lv_draw_line.o(.text) for lv_draw_line_dsc_init
    lv_span.o(.text) refers to lv_event.o(.text) for lv_event_get_target
    lv_span.o(.constdata) refers to lv_obj.o(.constdata) for lv_obj_class
    lv_span.o(.constdata) refers to lv_span.o(.text) for lv_spangroup_constructor
    lv_spinbox.o(.text) refers to lv_obj_class.o(.text) for lv_obj_class_create_obj
    lv_spinbox.o(.text) refers to lv_mem.o(.text) for lv_memset_00
    lv_spinbox.o(.text) refers to lv_printf.o(.text) for lv_snprintf
    lv_spinbox.o(.text) refers to strlen.o(.text) for strlen
    lv_spinbox.o(.text) refers to lv_textarea.o(.text) for lv_textarea_set_text
    lv_spinbox.o(.text) refers to lv_math.o(.text) for lv_pow
    lv_spinbox.o(.text) refers to lv_spinbox.o(.constdata) for lv_spinbox_class
    lv_spinbox.o(.text) refers to lv_obj_pos.o(.text) for lv_obj_set_width
    lv_spinbox.o(.text) refers to lv_event.o(.text) for lv_obj_event_base
    lv_spinbox.o(.text) refers to lv_indev.o(.text) for lv_indev_get_act
    lv_spinbox.o(.text) refers to lv_obj.o(.text) for lv_obj_get_group
    lv_spinbox.o(.text) refers to lv_group.o(.text) for lv_group_get_editing
    lv_spinbox.o(.constdata) refers to lv_textarea.o(.constdata) for lv_textarea_class
    lv_spinbox.o(.constdata) refers to lv_spinbox.o(.text) for lv_spinbox_constructor
    lv_spinner.o(.text) refers to lv_obj_class.o(.text) for lv_obj_class_create_obj
    lv_spinner.o(.text) refers to lv_arc.o(.text) for lv_arc_set_start_angle
    lv_spinner.o(.text) refers to lv_obj.o(.text) for lv_obj_clear_flag
    lv_spinner.o(.text) refers to lv_anim.o(.text) for lv_anim_init
    lv_spinner.o(.text) refers to lv_spinner.o(.data) for time_param
    lv_spinner.o(.text) refers to lv_spinner.o(.constdata) for lv_spinner_class
    lv_spinner.o(.constdata) refers to lv_arc.o(.constdata) for lv_arc_class
    lv_spinner.o(.constdata) refers to lv_spinner.o(.text) for lv_spinner_constructor
    lv_tabview.o(.text) refers to lv_obj_class.o(.text) for lv_obj_class_create_obj
    lv_tabview.o(.text) refers to lv_obj_tree.o(.text) for lv_obj_get_child
    lv_tabview.o(.text) refers to lv_obj_pos.o(.text) for lv_obj_update_layout
    lv_tabview.o(.text) refers to lv_obj_style.o(.text) for lv_obj_get_style_prop
    lv_tabview.o(.text) refers to lv_obj_scroll.o(.text) for lv_obj_scroll_to_x
    lv_tabview.o(.text) refers to lv_btnmatrix.o(.text) for lv_btnmatrix_set_btn_ctrl
    lv_tabview.o(.text) refers to lv_obj.o(.text) for lv_obj_create
    lv_tabview.o(.text) refers to lv_mem.o(.text) for lv_mem_alloc
    lv_tabview.o(.text) refers to strlen.o(.text) for strlen
    lv_tabview.o(.text) refers to strcpy.o(.text) for strcpy
    lv_tabview.o(.text) refers to lv_event.o(.text) for lv_event_get_target
    lv_tabview.o(.text) refers to lv_flex.o(.text) for lv_obj_set_flex_flow
    lv_tabview.o(.text) refers to lv_tabview.o(.data) for tabpos_create
    lv_tabview.o(.text) refers to lv_tabview.o(.constdata) for lv_tabview_class
    lv_tabview.o(.text) refers to lv_group.o(.text) for lv_group_get_default
    lv_tabview.o(.constdata) refers to lv_obj.o(.constdata) for lv_obj_class
    lv_tabview.o(.constdata) refers to lv_tabview.o(.text) for lv_tabview_constructor
    lv_tileview.o(.text) refers to lv_obj_class.o(.text) for lv_obj_class_create_obj
    lv_tileview.o(.text) refers to lv_obj_pos.o(.text) for lv_obj_get_x
    lv_tileview.o(.text) refers to lv_obj_scroll.o(.text) for lv_obj_set_scroll_dir
    lv_tileview.o(.text) refers to lv_obj_tree.o(.text) for lv_obj_get_child
    lv_tileview.o(.text) refers to lv_event.o(.text) for lv_event_get_code
    lv_tileview.o(.text) refers to lv_obj.o(.text) for lv_obj_add_flag
    lv_tileview.o(.text) refers to lv_tileview.o(.constdata) for lv_tileview_class
    lv_tileview.o(.text) refers to lv_tileview.o(.data) for create_dir
    lv_tileview.o(.constdata) refers to lv_obj.o(.constdata) for lv_obj_class
    lv_tileview.o(.constdata) refers to lv_tileview.o(.text) for lv_tileview_constructor
    lv_win.o(.text) refers to lv_obj_class.o(.text) for lv_obj_class_create_obj
    lv_win.o(.text) refers to lv_obj_tree.o(.text) for lv_obj_get_child
    lv_win.o(.text) refers to lv_label.o(.text) for lv_label_create
    lv_win.o(.text) refers to lv_flex.o(.text) for lv_obj_set_flex_grow
    lv_win.o(.text) refers to lv_btn.o(.text) for lv_btn_create
    lv_win.o(.text) refers to lv_obj_pos.o(.text) for lv_obj_set_size
    lv_win.o(.text) refers to lv_img.o(.text) for lv_img_create
    lv_win.o(.text) refers to lv_obj.o(.text) for lv_obj_create
    lv_win.o(.text) refers to lv_win.o(.data) for create_header_height
    lv_win.o(.text) refers to lv_win.o(.constdata) for lv_win_class
    lv_win.o(.constdata) refers to lv_obj.o(.constdata) for lv_obj_class
    lv_win.o(.constdata) refers to lv_win.o(.text) for lv_win_constructor
    lv_extra.o(.text) refers to lv_flex.o(.text) for lv_flex_init
    lv_extra.o(.text) refers to lv_grid.o(.text) for lv_grid_init
    lv_font_fmt_txt.o(.text) refers to lv_utils.o(.text) for _lv_utils_bsearch
    lv_font_loader.o(.text) refers to lv_mem.o(.text) for lv_mem_free
    lv_font_loader.o(.text) refers to lv_fs.o(.text) for lv_fs_seek
    lv_font_loader.o(.text) refers to memcmp.o(.text) for memcmp
    lv_font_loader.o(.text) refers to rt_memclr_w.o(.text) for __aeabi_memclr4
    lv_font_loader.o(.text) refers to lv_font_fmt_txt.o(.text) for lv_font_get_glyph_dsc_fmt_txt
    lv_font_montserrat_14.o(.constdata) refers to lv_font_montserrat_14.o(.data) for cache
    lv_font_montserrat_14.o(.constdata) refers to lv_font_fmt_txt.o(.text) for lv_font_get_glyph_dsc_fmt_txt
    lv_hal_disp.o(.text) refers to lv_mem.o(.text) for lv_memset_00
    lv_hal_disp.o(.text) refers to lv_ll.o(.text) for _lv_ll_ins_head
    lv_hal_disp.o(.text) refers to lv_timer.o(.text) for lv_timer_create
    lv_hal_disp.o(.text) refers to lv_theme_default.o(.text) for lv_theme_default_is_inited
    lv_hal_disp.o(.text) refers to lv_color.o(.text) for lv_palette_main
    lv_hal_disp.o(.text) refers to lv_obj.o(.text) for lv_obj_create
    lv_hal_disp.o(.text) refers to lv_obj_scroll.o(.text) for lv_obj_set_scrollbar_mode
    lv_hal_disp.o(.text) refers to lv_obj_pos.o(.text) for lv_obj_invalidate
    lv_hal_disp.o(.text) refers to lv_hal_disp.o(.data) for fg_opa_save
    lv_hal_disp.o(.text) refers to lv_draw_sw.o(.text) for lv_draw_sw_init_ctx
    lv_hal_disp.o(.text) refers to lv_gc.o(.bss) for _lv_disp_ll
    lv_hal_disp.o(.text) refers to lv_refr.o(.text) for _lv_disp_refr_timer
    lv_hal_disp.o(.text) refers to lv_font_montserrat_14.o(.constdata) for lv_font_montserrat_14
    lv_hal_disp.o(.text) refers to lv_area.o(.text) for lv_area_set_width
    lv_hal_disp.o(.text) refers to lv_event.o(.text) for lv_event_send
    lv_hal_disp.o(.text) refers to lv_obj_tree.o(.text) for lv_obj_tree_walk
    lv_hal_disp.o(.text) refers to lv_hal_indev.o(.text) for lv_indev_get_next
    lv_hal_disp.o(.text) refers to lv_img_buf.o(.text) for lv_img_buf_get_px_alpha
    lv_hal_disp.o(.text) refers to lv_obj_style.o(.text) for lv_obj_remove_style
    lv_hal_indev.o(.text) refers to lv_mem.o(.text) for lv_memset_00
    lv_hal_indev.o(.text) refers to lv_hal_disp.o(.text) for lv_disp_get_default
    lv_hal_indev.o(.text) refers to lv_ll.o(.text) for _lv_ll_ins_head
    lv_hal_indev.o(.text) refers to lv_timer.o(.text) for lv_timer_create
    lv_hal_indev.o(.text) refers to lv_gc.o(.bss) for _lv_indev_ll
    lv_hal_indev.o(.text) refers to lv_indev.o(.text) for lv_indev_read_timer_cb
    lv_hal_tick.o(.text) refers to lv_hal_tick.o(.data) for tick_irq_flag
    lv_anim.o(.text) refers to lv_ll.o(.text) for _lv_ll_get_head
    lv_anim.o(.text) refers to lv_timer.o(.text) for lv_timer_pause
    lv_anim.o(.text) refers to lv_mem.o(.text) for lv_mem_free
    lv_anim.o(.text) refers to lv_hal_tick.o(.text) for lv_tick_elaps
    lv_anim.o(.text) refers to lv_math.o(.text) for lv_map
    lv_anim.o(.text) refers to lv_anim.o(.data) for anim_list_changed
    lv_anim.o(.text) refers to lv_gc.o(.bss) for _lv_anim_ll
    lv_anim_timeline.o(.text) refers to lv_mem.o(.text) for lv_mem_alloc
    lv_anim_timeline.o(.text) refers to lv_anim.o(.text) for lv_anim_del
    lv_anim_timeline.o(.text) refers to rt_memcpy_w.o(.text) for __aeabi_memcpy4
    lv_async.o(.text) refers to lv_mem.o(.text) for lv_mem_free
    lv_async.o(.text) refers to lv_timer.o(.text) for lv_timer_create
    lv_color.o(.text) refers to lv_color.o(.constdata) for colors
    lv_fs.o(.text) refers to lv_ll.o(.text) for _lv_ll_init
    lv_fs.o(.text) refers to lv_mem.o(.text) for lv_mem_alloc
    lv_fs.o(.text) refers to rt_memcpy_v6.o(.text) for __aeabi_memcpy
    lv_fs.o(.text) refers to lv_gc.o(.bss) for _lv_fsdrv_ll
    lv_fs.o(.text) refers to strlen.o(.text) for strlen
    lv_gc.o(.text) refers to lv_mem.o(.text) for lv_memset_00
    lv_gc.o(.text) refers to lv_gc.o(.bss) for _lv_timer_ll
    lv_gc.o(.text) refers to lv_gc.o(.data) for _lv_layout_list
    lv_ll.o(.text) refers to lv_mem.o(.text) for lv_mem_alloc
    lv_lru.o(.text) refers to lv_mem.o(.text) for lv_mem_alloc
    lv_lru.o(.text) refers to lv_math.o(.text) for lv_rand
    lv_lru.o(.text) refers to memcmp.o(.text) for memcmp
    lv_lru.o(.text) refers to rt_memcpy_v6.o(.text) for __aeabi_memcpy
    lv_math.o(.text) refers to lv_math.o(.constdata) for sin0_90_table
    lv_math.o(.text) refers to lv_math.o(.data) for a
    lv_mem.o(.text) refers to lv_tlsf.o(.text) for lv_tlsf_create_with_pool
    lv_mem.o(.text) refers to lv_mem.o(.bss) for work_mem_int
    lv_mem.o(.text) refers to lv_mem.o(.data) for tlsf
    lv_mem.o(.text) refers to lv_gc.o(.bss) for lv_mem_buf
    lv_printf.o(.text) refers to lludivv7m.o(.text) for __aeabi_uldivmod
    lv_style.o(.text) refers to lv_mem.o(.text) for lv_memset_00
    lv_style.o(.text) refers to lv_style.o(.data) for act_id
    lv_style.o(.text) refers to lv_anim.o(.text) for lv_anim_path_linear
    lv_style.o(.text) refers to lv_font_montserrat_14.o(.constdata) for lv_font_montserrat_14
    lv_style_gen.o(.text) refers to lv_style.o(.text) for lv_style_set_prop
    lv_timer.o(.text) refers to lv_ll.o(.text) for _lv_ll_init
    lv_timer.o(.text) refers to lv_hal_tick.o(.text) for lv_tick_elaps
    lv_timer.o(.text) refers to lv_mem.o(.text) for lv_mem_free
    lv_timer.o(.text) refers to lv_timer.o(.data) for lv_timer_run
    lv_timer.o(.text) refers to lv_gc.o(.bss) for _lv_timer_ll
    lv_timer.o(.text) refers to lv_gc.o(.data) for _lv_timer_act
    lv_tlsf.o(.text) refers to lv_mem.o(.text) for lv_memcpy
    lv_txt.o(.text) refers to lv_font.o(.text) for lv_font_get_glyph_width
    lv_txt.o(.text) refers to lv_txt.o(.data) for _lv_txt_encoded_next
    lv_txt.o(.text) refers to strlen.o(.text) for strlen
    lv_txt.o(.text) refers to lv_printf.o(.text) for lv_vsnprintf
    lv_txt.o(.text) refers to lv_mem.o(.text) for lv_mem_alloc
    lv_txt.o(.data) refers to lv_txt.o(.text) for lv_txt_utf8_size
    lv_arc.o(.text) refers to lv_obj_class.o(.text) for lv_obj_class_create_obj
    lv_arc.o(.text) refers to lv_math.o(.text) for lv_trigo_sin
    lv_arc.o(.text) refers to lv_obj_pos.o(.text) for lv_obj_get_width
    lv_arc.o(.text) refers to lv_obj_style.o(.text) for lv_obj_get_style_prop
    lv_arc.o(.text) refers to lv_draw_arc.o(.text) for lv_draw_arc_get_area
    lv_arc.o(.text) refers to lv_arc.o(.constdata) for lv_arc_class
    lv_arc.o(.text) refers to lv_hal_tick.o(.text) for lv_tick_get
    lv_arc.o(.text) refers to lv_obj.o(.text) for lv_obj_add_flag
    lv_arc.o(.text) refers to lv_event.o(.text) for lv_event_get_target
    lv_arc.o(.text) refers to lv_obj_draw.o(.text) for lv_obj_draw_dsc_init
    lv_arc.o(.text) refers to lv_draw_rect.o(.text) for lv_draw_rect_dsc_init
    lv_arc.o(.text) refers to lv_indev.o(.text) for lv_indev_get_act
    lv_arc.o(.text) refers to lv_group.o(.text) for lv_group_get_editing
    lv_arc.o(.text) refers to lv_area.o(.text) for lv_area_set
    lv_arc.o(.constdata) refers to lv_obj.o(.constdata) for lv_obj_class
    lv_arc.o(.constdata) refers to lv_arc.o(.text) for lv_arc_constructor
    lv_bar.o(.text) refers to lv_obj_class.o(.text) for lv_obj_class_create_obj
    lv_bar.o(.text) refers to lv_obj_pos.o(.text) for lv_obj_invalidate
    lv_bar.o(.text) refers to lv_anim.o(.text) for lv_anim_del
    lv_bar.o(.text) refers to lv_obj_style.o(.text) for lv_obj_get_style_prop
    lv_bar.o(.text) refers to lv_obj.o(.text) for lv_obj_clear_flag
    lv_bar.o(.text) refers to lv_event.o(.text) for lv_event_get_target
    lv_bar.o(.text) refers to lv_bar.o(.constdata) for lv_bar_class
    lv_bar.o(.text) refers to lv_obj_draw.o(.text) for lv_obj_draw_dsc_init
    lv_bar.o(.text) refers to lv_draw_rect.o(.text) for lv_draw_rect_dsc_init
    lv_bar.o(.text) refers to lv_draw_mask.o(.text) for lv_draw_mask_radius_init
    lv_bar.o(.constdata) refers to lv_obj.o(.constdata) for lv_obj_class
    lv_bar.o(.constdata) refers to lv_bar.o(.text) for lv_bar_constructor
    lv_btn.o(.text) refers to lv_obj_class.o(.text) for lv_obj_class_create_obj
    lv_btn.o(.text) refers to lv_obj.o(.text) for lv_obj_clear_flag
    lv_btn.o(.text) refers to lv_btn.o(.constdata) for lv_btn_class
    lv_btn.o(.constdata) refers to lv_obj.o(.constdata) for lv_obj_class
    lv_btn.o(.constdata) refers to lv_btn.o(.text) for lv_btn_constructor
    lv_btnmatrix.o(.text) refers to lv_obj_class.o(.text) for lv_obj_class_create_obj
    lv_btnmatrix.o(.text) refers to strcmpv7m.o(.text) for strcmp
    lv_btnmatrix.o(.text) refers to lv_mem.o(.text) for lv_mem_free
    lv_btnmatrix.o(.text) refers to lv_obj_style.o(.text) for lv_obj_get_style_prop
    lv_btnmatrix.o(.text) refers to lv_obj_pos.o(.text) for lv_obj_get_content_width
    lv_btnmatrix.o(.text) refers to lv_area.o(.text) for lv_area_set
    lv_btnmatrix.o(.text) refers to lv_obj_draw.o(.text) for lv_obj_refresh_ext_draw_size
    lv_btnmatrix.o(.text) refers to lv_obj_tree.o(.text) for lv_obj_get_disp
    lv_btnmatrix.o(.text) refers to lv_hal_disp.o(.text) for lv_disp_get_dpi
    lv_btnmatrix.o(.text) refers to lv_btnmatrix.o(.constdata) for lv_btnmatrix_class
    lv_btnmatrix.o(.text) refers to lv_event.o(.text) for lv_event_get_target
    lv_btnmatrix.o(.text) refers to lv_draw_rect.o(.text) for lv_draw_rect_dsc_init
    lv_btnmatrix.o(.text) refers to lv_draw_label.o(.text) for lv_draw_label_dsc_init
    lv_btnmatrix.o(.text) refers to lv_txt.o(.text) for lv_txt_get_size
    lv_btnmatrix.o(.text) refers to lv_btnmatrix.o(.data) for lv_btnmatrix_def_map
    lv_btnmatrix.o(.text) refers to lv_indev.o(.text) for lv_indev_get_act
    lv_btnmatrix.o(.text) refers to lv_hal_indev.o(.text) for lv_indev_get_next
    lv_btnmatrix.o(.text) refers to lv_obj.o(.text) for lv_obj_get_group
    lv_btnmatrix.o(.text) refers to lv_group.o(.text) for lv_group_get_editing
    lv_btnmatrix.o(.constdata) refers to lv_obj.o(.constdata) for lv_obj_class
    lv_btnmatrix.o(.constdata) refers to lv_btnmatrix.o(.text) for lv_btnmatrix_constructor
    lv_btnmatrix.o(.data) refers to lv_btnmatrix.o(.conststring) for .conststring
    lv_canvas.o(.text) refers to lv_obj_class.o(.text) for lv_obj_class_create_obj
    lv_canvas.o(.text) refers to lv_img.o(.text) for lv_img_set_src
    lv_canvas.o(.text) refers to lv_img_buf.o(.text) for lv_img_buf_set_px_color
    lv_canvas.o(.text) refers to lv_obj_pos.o(.text) for lv_obj_invalidate
    lv_canvas.o(.text) refers to lv_draw_img.o(.text) for lv_img_cf_get_px_size
    lv_canvas.o(.text) refers to lv_mem.o(.text) for lv_memcpy
    lv_canvas.o(.text) refers to lv_canvas.o(.constdata) for lv_canvas_class
    lv_canvas.o(.text) refers to lv_draw_sw.o(.text) for lv_draw_sw_deinit_ctx
    lv_canvas.o(.text) refers to lv_hal_disp.o(.text) for lv_disp_drv_init
    lv_canvas.o(.text) refers to lv_refr.o(.text) for _lv_refr_get_disp_refreshing
    lv_canvas.o(.text) refers to lv_draw_rect.o(.text) for lv_draw_rect
    lv_canvas.o(.text) refers to lv_draw_label.o(.text) for lv_draw_label
    lv_canvas.o(.text) refers to lv_img_decoder.o(.text) for lv_img_decoder_get_info
    lv_canvas.o(.text) refers to lv_draw_line.o(.text) for lv_draw_line
    lv_canvas.o(.text) refers to lv_draw_triangle.o(.text) for lv_draw_polygon
    lv_canvas.o(.text) refers to lv_draw_arc.o(.text) for lv_draw_arc
    lv_canvas.o(.text) refers to lv_img_cache.o(.text) for lv_img_cache_invalidate_src
    lv_canvas.o(.text) refers to lv_obj_style.o(.text) for lv_obj_get_style_prop
    lv_canvas.o(.constdata) refers to lv_img.o(.constdata) for lv_img_class
    lv_canvas.o(.constdata) refers to lv_canvas.o(.text) for lv_canvas_constructor
    lv_checkbox.o(.text) refers to lv_obj_class.o(.text) for lv_obj_class_create_obj
    lv_checkbox.o(.text) refers to strlen.o(.text) for strlen
    lv_checkbox.o(.text) refers to lv_mem.o(.text) for lv_mem_realloc
    lv_checkbox.o(.text) refers to strcpy.o(.text) for strcpy
    lv_checkbox.o(.text) refers to lv_obj_pos.o(.text) for lv_obj_refresh_self_size
    lv_checkbox.o(.text) refers to lv_obj.o(.text) for lv_obj_add_flag
    lv_checkbox.o(.text) refers to lv_event.o(.text) for lv_event_get_target
    lv_checkbox.o(.text) refers to lv_obj_style.o(.text) for lv_obj_get_style_prop
    lv_checkbox.o(.text) refers to lv_draw_rect.o(.text) for lv_draw_rect_dsc_init
    lv_checkbox.o(.text) refers to lv_obj_draw.o(.text) for lv_obj_init_draw_rect_dsc
    lv_checkbox.o(.text) refers to lv_txt.o(.text) for lv_txt_get_size
    lv_checkbox.o(.text) refers to lv_draw_label.o(.text) for lv_draw_label_dsc_init
    lv_checkbox.o(.text) refers to lv_checkbox.o(.constdata) for lv_checkbox_class
    lv_checkbox.o(.constdata) refers to lv_obj.o(.constdata) for lv_obj_class
    lv_checkbox.o(.constdata) refers to lv_checkbox.o(.text) for lv_checkbox_constructor
    lv_dropdown.o(.text) refers to lv_obj_class.o(.text) for lv_obj_class_create_obj
    lv_dropdown.o(.text) refers to lv_obj_pos.o(.text) for lv_obj_invalidate
    lv_dropdown.o(.text) refers to strlen.o(.text) for strlen
    lv_dropdown.o(.text) refers to lv_mem.o(.text) for lv_mem_free
    lv_dropdown.o(.text) refers to strcpy.o(.text) for strcpy
    lv_dropdown.o(.text) refers to lv_txt.o(.text) for _lv_txt_ins
    lv_dropdown.o(.text) refers to strcat.o(.text) for strcat
    lv_dropdown.o(.text) refers to lv_dropdown.o(.constdata) for lv_dropdown_class
    lv_dropdown.o(.text) refers to lv_txt.o(.data) for _lv_txt_encoded_get_char_id
    lv_dropdown.o(.text) refers to lv_obj_tree.o(.text) for lv_obj_get_child
    lv_dropdown.o(.text) refers to lv_obj_scroll.o(.text) for lv_obj_scroll_to_y
    lv_dropdown.o(.text) refers to lv_obj.o(.text) for lv_obj_add_state
    lv_dropdown.o(.text) refers to lv_event.o(.text) for lv_event_send
    lv_dropdown.o(.text) refers to lv_label.o(.text) for lv_label_set_text_static
    lv_dropdown.o(.text) refers to lv_obj_style.o(.text) for lv_obj_get_style_prop
    lv_dropdown.o(.text) refers to lv_hal_disp.o(.text) for lv_disp_get_default
    lv_dropdown.o(.text) refers to lv_draw_label.o(.text) for lv_draw_label_dsc_init
    lv_dropdown.o(.text) refers to lv_obj_draw.o(.text) for lv_obj_init_draw_label_dsc
    lv_dropdown.o(.text) refers to lv_draw_img.o(.text) for lv_img_src_get_type
    lv_dropdown.o(.text) refers to lv_img_decoder.o(.text) for lv_img_decoder_get_info
    lv_dropdown.o(.text) refers to lv_indev.o(.text) for lv_indev_get_act
    lv_dropdown.o(.text) refers to lv_group.o(.text) for lv_group_set_editing
    lv_dropdown.o(.text) refers to lv_area.o(.text) for _lv_area_intersect
    lv_dropdown.o(.text) refers to lv_draw_rect.o(.text) for lv_draw_rect_dsc_init
    lv_dropdown.o(.constdata) refers to lv_obj.o(.constdata) for lv_obj_class
    lv_dropdown.o(.constdata) refers to lv_dropdown.o(.text) for lv_dropdown_constructor
    lv_img.o(.text) refers to lv_obj_class.o(.text) for lv_obj_class_create_obj
    lv_img.o(.text) refers to lv_obj_pos.o(.text) for lv_obj_invalidate
    lv_img.o(.text) refers to lv_draw_img.o(.text) for lv_img_src_get_type
    lv_img.o(.text) refers to lv_mem.o(.text) for lv_mem_free
    lv_img.o(.text) refers to lv_img_decoder.o(.text) for lv_img_decoder_get_info
    lv_img.o(.text) refers to strlen.o(.text) for strlen
    lv_img.o(.text) refers to strcpy.o(.text) for strcpy
    lv_img.o(.text) refers to lv_obj_style.o(.text) for lv_obj_get_style_prop
    lv_img.o(.text) refers to lv_txt.o(.text) for lv_txt_get_size
    lv_img.o(.text) refers to lv_obj_draw.o(.text) for lv_obj_refresh_ext_draw_size
    lv_img.o(.text) refers to lv_img_buf.o(.text) for _lv_img_buf_get_transformed_area
    lv_img.o(.text) refers to lv_img.o(.constdata) for lv_img_class
    lv_img.o(.text) refers to lv_obj.o(.text) for lv_obj_clear_flag
    lv_img.o(.text) refers to lv_event.o(.text) for lv_event_get_code
    lv_img.o(.text) refers to lv_area.o(.text) for _lv_area_is_in
    lv_img.o(.text) refers to lv_draw_label.o(.text) for lv_draw_label_dsc_init
    lv_img.o(.constdata) refers to lv_obj.o(.constdata) for lv_obj_class
    lv_img.o(.constdata) refers to lv_img.o(.text) for lv_img_constructor
    lv_label.o(.text) refers to lv_obj_class.o(.text) for lv_obj_class_create_obj
    lv_label.o(.text) refers to lv_mem.o(.text) for lv_mem_free
    lv_label.o(.text) refers to lv_obj_style.o(.text) for lv_obj_get_style_prop
    lv_label.o(.text) refers to lv_obj_pos.o(.text) for lv_obj_get_content_coords
    lv_label.o(.text) refers to lv_txt.o(.text) for _lv_txt_get_next_line
    lv_label.o(.text) refers to lv_font.o(.text) for lv_font_get_glyph_width
    lv_label.o(.text) refers to lv_label.o(.constdata) for lv_label_class
    lv_label.o(.text) refers to lv_txt.o(.data) for _lv_txt_encoded_prev
    lv_label.o(.text) refers to lv_obj_tree.o(.text) for lv_obj_get_disp
    lv_label.o(.text) refers to lv_hal_disp.o(.text) for lv_disp_get_dpi
    lv_label.o(.text) refers to lv_anim.o(.text) for lv_anim_init
    lv_label.o(.text) refers to strlen.o(.text) for strlen
    lv_label.o(.text) refers to strcpy.o(.text) for strcpy
    lv_label.o(.text) refers to lv_obj.o(.text) for lv_obj_clear_flag
    lv_label.o(.text) refers to lv_event.o(.text) for lv_event_get_target
    lv_label.o(.text) refers to lv_draw_label.o(.text) for lv_draw_label_dsc_init
    lv_label.o(.text) refers to lv_obj_draw.o(.text) for lv_obj_init_draw_label_dsc
    lv_label.o(.text) refers to lv_area.o(.text) for _lv_area_intersect
    lv_label.o(.text) refers to lv_obj_scroll.o(.text) for lv_obj_get_scroll_top
    lv_label.o(.constdata) refers to lv_obj.o(.constdata) for lv_obj_class
    lv_label.o(.constdata) refers to lv_label.o(.text) for lv_label_constructor
    lv_line.o(.text) refers to lv_obj_class.o(.text) for lv_obj_class_create_obj
    lv_line.o(.text) refers to lv_obj_pos.o(.text) for lv_obj_refresh_self_size
    lv_line.o(.text) refers to lv_obj.o(.text) for lv_obj_clear_flag
    lv_line.o(.text) refers to lv_event.o(.text) for lv_obj_event_base
    lv_line.o(.text) refers to lv_obj_scroll.o(.text) for lv_obj_get_scroll_x
    lv_line.o(.text) refers to lv_draw_line.o(.text) for lv_draw_line_dsc_init
    lv_line.o(.text) refers to lv_obj_draw.o(.text) for lv_obj_init_draw_line_dsc
    lv_line.o(.text) refers to lv_obj_style.o(.text) for lv_obj_get_style_prop
    lv_line.o(.text) refers to lv_line.o(.constdata) for lv_line_class
    lv_line.o(.constdata) refers to lv_obj.o(.constdata) for lv_obj_class
    lv_line.o(.constdata) refers to lv_line.o(.text) for lv_line_constructor
    lv_roller.o(.text) refers to lv_obj_class.o(.text) for lv_obj_class_create_obj
    lv_roller.o(.text) refers to lv_obj_tree.o(.text) for lv_obj_get_child
    lv_roller.o(.text) refers to lv_obj_pos.o(.text) for lv_obj_get_content_height
    lv_roller.o(.text) refers to lv_label.o(.text) for lv_label_set_text
    lv_roller.o(.text) refers to strlen.o(.text) for strlen
    lv_roller.o(.text) refers to lv_mem.o(.text) for lv_mem_buf_get
    lv_roller.o(.text) refers to strcpy.o(.text) for strcpy
    lv_roller.o(.text) refers to lv_obj_draw.o(.text) for lv_obj_refresh_ext_draw_size
    lv_roller.o(.text) refers to lv_obj_style.o(.text) for lv_obj_calculate_style_text_align
    lv_roller.o(.text) refers to lv_anim.o(.text) for lv_anim_del
    lv_roller.o(.text) refers to lv_roller.o(.constdata) for lv_roller_class
    lv_roller.o(.text) refers to lv_obj.o(.text) for lv_obj_clear_flag
    lv_roller.o(.text) refers to lv_event.o(.text) for lv_event_get_code
    lv_roller.o(.text) refers to lv_draw_rect.o(.text) for lv_draw_rect_dsc_init
    lv_roller.o(.text) refers to lv_draw_label.o(.text) for lv_draw_label_dsc_init
    lv_roller.o(.text) refers to lv_area.o(.text) for _lv_area_intersect
    lv_roller.o(.text) refers to lv_txt.o(.text) for lv_txt_get_size
    lv_roller.o(.text) refers to lv_indev.o(.text) for lv_indev_get_act
    lv_roller.o(.text) refers to lv_group.o(.text) for lv_group_get_editing
    lv_roller.o(.text) refers to lv_indev_scroll.o(.text) for lv_indev_scroll_throw_predict
    lv_roller.o(.text) refers to lv_txt.o(.data) for _lv_txt_encoded_next
    lv_roller.o(.constdata) refers to lv_obj.o(.constdata) for lv_obj_class
    lv_roller.o(.constdata) refers to lv_roller.o(.text) for lv_roller_constructor
    lv_roller.o(.constdata) refers to lv_label.o(.constdata) for lv_label_class
    lv_slider.o(.text) refers to lv_bar.o(.text) for lv_bar_get_mode
    lv_slider.o(.text) refers to lv_obj_class.o(.text) for lv_obj_class_create_obj
    lv_slider.o(.text) refers to lv_obj.o(.text) for lv_obj_clear_flag
    lv_slider.o(.text) refers to lv_hal_disp.o(.text) for lv_disp_get_dpi
    lv_slider.o(.text) refers to lv_obj_pos.o(.text) for lv_obj_set_ext_click_area
    lv_slider.o(.text) refers to lv_event.o(.text) for lv_event_get_target
    lv_slider.o(.text) refers to lv_draw_rect.o(.text) for lv_draw_rect_dsc_init
    lv_slider.o(.text) refers to lv_obj_draw.o(.text) for lv_obj_init_draw_rect_dsc
    lv_slider.o(.text) refers to lv_mem.o(.text) for lv_memcpy
    lv_slider.o(.text) refers to lv_area.o(.text) for lv_area_increase
    lv_slider.o(.text) refers to lv_slider.o(.constdata) for lv_slider_class
    lv_slider.o(.text) refers to lv_indev.o(.text) for lv_indev_get_act
    lv_slider.o(.text) refers to lv_group.o(.text) for lv_group_get_editing
    lv_slider.o(.text) refers to lv_obj_style.o(.text) for lv_obj_get_style_prop
    lv_slider.o(.constdata) refers to lv_bar.o(.constdata) for lv_bar_class
    lv_slider.o(.constdata) refers to lv_slider.o(.text) for lv_slider_constructor
    lv_switch.o(.text) refers to lv_obj_class.o(.text) for lv_obj_class_create_obj
    lv_switch.o(.text) refers to lv_obj.o(.text) for lv_obj_clear_flag
    lv_switch.o(.text) refers to lv_anim.o(.text) for lv_anim_del
    lv_switch.o(.text) refers to lv_event.o(.text) for lv_event_get_target
    lv_switch.o(.text) refers to lv_draw_rect.o(.text) for lv_draw_rect_dsc_init
    lv_switch.o(.text) refers to lv_obj_draw.o(.text) for lv_obj_init_draw_rect_dsc
    lv_switch.o(.text) refers to lv_obj_pos.o(.text) for lv_obj_get_height
    lv_switch.o(.text) refers to lv_obj_style.o(.text) for lv_obj_get_style_prop
    lv_switch.o(.text) refers to lv_switch.o(.constdata) for lv_switch_class
    lv_switch.o(.constdata) refers to lv_obj.o(.constdata) for lv_obj_class
    lv_switch.o(.constdata) refers to lv_switch.o(.text) for lv_switch_constructor
    lv_table.o(.text) refers to lv_obj_class.o(.text) for lv_obj_class_create_obj
    lv_table.o(.text) refers to lv_txt.o(.text) for lv_txt_get_size
    lv_table.o(.text) refers to lv_obj_pos.o(.text) for lv_obj_refresh_self_size
    lv_table.o(.text) refers to lv_mem.o(.text) for lv_mem_realloc
    lv_table.o(.text) refers to lv_table.o(.constdata) for lv_table_class
    lv_table.o(.text) refers to strlen.o(.text) for strlen
    lv_table.o(.text) refers to strcpy.o(.text) for strcpy
    lv_table.o(.text) refers to lv_printf.o(.text) for lv_vsnprintf
    lv_table.o(.text) refers to lv_event.o(.text) for lv_event_get_target
    lv_table.o(.text) refers to lv_area.o(.text) for _lv_area_intersect
    lv_table.o(.text) refers to lv_obj_style.o(.text) for lv_obj_get_style_prop
    lv_table.o(.text) refers to lv_draw_rect.o(.text) for lv_draw_rect_dsc_init
    lv_table.o(.text) refers to lv_obj_draw.o(.text) for lv_obj_init_draw_rect_dsc
    lv_table.o(.text) refers to lv_draw_label.o(.text) for lv_draw_label_dsc_init
    lv_table.o(.text) refers to lv_obj_scroll.o(.text) for lv_obj_get_scroll_y
    lv_table.o(.text) refers to lv_indev.o(.text) for lv_indev_get_act
    lv_table.o(.constdata) refers to lv_obj.o(.constdata) for lv_obj_class
    lv_table.o(.constdata) refers to lv_table.o(.text) for lv_table_constructor
    lv_textarea.o(.text) refers to lv_obj_class.o(.text) for lv_obj_class_create_obj
    lv_textarea.o(.text) refers to lv_label.o(.text) for lv_label_get_text
    lv_textarea.o(.text) refers to lv_font.o(.text) for lv_font_get_glyph_width
    lv_textarea.o(.text) refers to lv_obj_style.o(.text) for lv_obj_calculate_style_text_align
    lv_textarea.o(.text) refers to lv_obj_pos.o(.text) for lv_obj_invalidate_area
    lv_textarea.o(.text) refers to lv_anim.o(.text) for lv_anim_del
    lv_textarea.o(.text) refers to lv_obj_scroll.o(.text) for lv_obj_get_scroll_top
    lv_textarea.o(.text) refers to lv_textarea.o(.constdata) for lv_textarea_class
    lv_textarea.o(.text) refers to lv_txt.o(.data) for _lv_txt_encoded_get_byte_id
    lv_textarea.o(.text) refers to strlen.o(.text) for strlen
    lv_textarea.o(.text) refers to lv_mem.o(.text) for lv_mem_buf_get
    lv_textarea.o(.text) refers to lv_txt.o(.text) for _lv_txt_ins
    lv_textarea.o(.text) refers to lv_event.o(.text) for lv_event_send
    lv_textarea.o(.text) refers to strcmpv7m.o(.text) for strcmp
    lv_textarea.o(.text) refers to lv_textarea.o(.data) for ta_insert_replace
    lv_textarea.o(.text) refers to strcpy.o(.text) for strcpy
    lv_textarea.o(.text) refers to lv_obj_style_gen.o(.text) for lv_obj_set_style_min_width
    lv_textarea.o(.text) refers to lv_obj_tree.o(.text) for lv_obj_get_parent
    lv_textarea.o(.text) refers to lv_obj.o(.text) for lv_obj_add_flag
    lv_textarea.o(.text) refers to lv_draw_rect.o(.text) for lv_draw_rect_dsc_init
    lv_textarea.o(.text) refers to lv_obj_draw.o(.text) for lv_obj_init_draw_rect_dsc
    lv_textarea.o(.text) refers to lv_draw_label.o(.text) for lv_draw_label_dsc_init
    lv_textarea.o(.text) refers to lv_area.o(.text) for lv_area_move
    lv_textarea.o(.text) refers to lv_indev.o(.text) for lv_indev_get_act
    lv_textarea.o(.constdata) refers to lv_obj.o(.constdata) for lv_obj_class
    lv_textarea.o(.constdata) refers to lv_textarea.o(.text) for lv_textarea_constructor
    use_no_semi_2.o(.text) refers (Special) to use_no_semi.o(.text) for __use_no_semihosting_swi
    __2printf.o(.text) refers to _printf_char_file.o(.text) for _printf_char_file
    __2printf.o(.text) refers to usart.o(.data) for __stdout
    noretval__2printf.o(.text) refers to _printf_char_file.o(.text) for _printf_char_file
    noretval__2printf.o(.text) refers to usart.o(.data) for __stdout
    __printf.o(.text) refers to _printf_percent.o(.ARM.Collect$$_printf_percent$$00000000) for _printf_percent
    _printf_str.o(.text) refers (Special) to _printf_char.o(.text) for _printf_cs_common
    _printf_dec.o(.text) refers to _printf_intcommon.o(.text) for _printf_int_common
    _printf_hex_ll.o(.text) refers to _printf_intcommon.o(.text) for _printf_int_common
    _printf_hex_ll.o(.text) refers to _printf_hex_ll.o(.constdata) for .constdata
    _printf_hex_int.o(.text) refers to _printf_intcommon.o(.text) for _printf_int_common
    _printf_hex_int.o(.text) refers to _printf_hex_int.o(.constdata) for .constdata
    _printf_hex_int_ll.o(.text) refers to _printf_intcommon.o(.text) for _printf_int_common
    _printf_hex_int_ll.o(.text) refers to _printf_hex_int_ll.o(.constdata) for .constdata
    _printf_hex_ptr.o(.text) refers to _printf_intcommon.o(.text) for _printf_int_common
    _printf_hex_ptr.o(.text) refers to _printf_hex_ptr.o(.constdata) for .constdata
    _printf_hex_int_ptr.o(.text) refers to _printf_intcommon.o(.text) for _printf_int_common
    _printf_hex_int_ptr.o(.text) refers to _printf_hex_int_ptr.o(.constdata) for .constdata
    _printf_hex_ll_ptr.o(.text) refers to _printf_intcommon.o(.text) for _printf_int_common
    _printf_hex_ll_ptr.o(.text) refers to _printf_hex_ll_ptr.o(.constdata) for .constdata
    _printf_hex_int_ll_ptr.o(.text) refers to _printf_intcommon.o(.text) for _printf_int_common
    _printf_hex_int_ll_ptr.o(.text) refers to _printf_hex_int_ll_ptr.o(.constdata) for .constdata
    __printf_flags.o(.text) refers to _printf_percent.o(.ARM.Collect$$_printf_percent$$00000000) for _printf_percent
    __printf_flags.o(.text) refers to __printf_flags.o(.constdata) for .constdata
    __printf_ss.o(.text) refers to _printf_percent.o(.ARM.Collect$$_printf_percent$$00000000) for _printf_percent
    __printf_flags_ss.o(.text) refers to _printf_percent.o(.ARM.Collect$$_printf_percent$$00000000) for _printf_percent
    __printf_flags_ss.o(.text) refers to __printf_flags_ss.o(.constdata) for .constdata
    __printf_wp.o(.text) refers to __printf_wp.o(i._is_digit) for _is_digit
    __printf_wp.o(.text) refers to _printf_percent.o(.ARM.Collect$$_printf_percent$$00000000) for _printf_percent
    __printf_flags_wp.o(.text) refers to __printf_wp.o(i._is_digit) for _is_digit
    __printf_flags_wp.o(.text) refers to _printf_percent.o(.ARM.Collect$$_printf_percent$$00000000) for _printf_percent
    __printf_flags_wp.o(.text) refers to __printf_flags_wp.o(.constdata) for .constdata
    __printf_ss_wp.o(.text) refers to __printf_wp.o(i._is_digit) for _is_digit
    __printf_ss_wp.o(.text) refers to _printf_percent.o(.ARM.Collect$$_printf_percent$$00000000) for _printf_percent
    __printf_flags_ss_wp.o(.text) refers to __printf_wp.o(i._is_digit) for _is_digit
    __printf_flags_ss_wp.o(.text) refers to _printf_percent.o(.ARM.Collect$$_printf_percent$$00000000) for _printf_percent
    __printf_flags_ss_wp.o(.text) refers to __printf_flags_ss_wp.o(.constdata) for .constdata
    _printf_s.o(.ARM.Collect$$_printf_percent$$00000014) refers (Weak) to _printf_char.o(.text) for _printf_string
    _printf_x.o(.ARM.Collect$$_printf_percent$$0000000C) refers (Weak) to _printf_hex_int.o(.text) for _printf_int_hex
    _printf_d.o(.ARM.Collect$$_printf_percent$$00000009) refers (Weak) to _printf_dec.o(.text) for _printf_int_dec
    _printf_percent.o(.ARM.Collect$$_printf_percent$$00000000) refers (Special) to _printf_percent_end.o(.ARM.Collect$$_printf_percent$$00000017) for _printf_percent_end
    assert.o(.text) refers to assert_puts.o(.text) for __assert_puts
    assert.o(.text) refers to abort.o(.text) for abort
    rt_memcpy_v6.o(.text) refers to rt_memcpy_w.o(.text) for __aeabi_memcpy4
    rt_memmove_v6.o(.text) refers to rt_memcpy_v6.o(.text) for __aeabi_memcpy
    rt_memmove_v6.o(.text) refers to rt_memmove_w.o(.text) for __memmove_aligned
    rt_memclr.o(.text) refers to rt_memclr_w.o(.text) for _memset_w
    __main.o(!!!main) refers to __rtentry.o(.ARM.Collect$$rtentry$$00000000) for __rt_entry
    daddsub_clz.o(x$fpl$dadd) refers (Special) to usenofp.o(x$fpl$usenofp) for __I$use$fp
    daddsub_clz.o(x$fpl$dadd) refers to daddsub_clz.o(x$fpl$dsub) for _dsub1
    daddsub_clz.o(x$fpl$dadd) refers to dretinf.o(x$fpl$dretinf) for __fpl_dretinf
    daddsub_clz.o(x$fpl$dadd) refers to dnaninf.o(x$fpl$dnaninf) for __fpl_dnaninf
    daddsub_clz.o(x$fpl$drsb) refers (Special) to usenofp.o(x$fpl$usenofp) for __I$use$fp
    daddsub_clz.o(x$fpl$drsb) refers to daddsub_clz.o(x$fpl$dadd) for _dadd1
    daddsub_clz.o(x$fpl$drsb) refers to daddsub_clz.o(x$fpl$dsub) for _dsub1
    daddsub_clz.o(x$fpl$dsub) refers (Special) to usenofp.o(x$fpl$usenofp) for __I$use$fp
    daddsub_clz.o(x$fpl$dsub) refers to daddsub_clz.o(x$fpl$dadd) for _dadd1
    daddsub_clz.o(x$fpl$dsub) refers to dnaninf.o(x$fpl$dnaninf) for __fpl_dnaninf
    dfixu.o(x$fpl$dfixu) refers (Special) to usenofp.o(x$fpl$usenofp) for __I$use$fp
    dfixu.o(x$fpl$dfixu) refers to dnaninf.o(x$fpl$dnaninf) for __fpl_dnaninf
    dfixu.o(x$fpl$dfixur) refers (Special) to usenofp.o(x$fpl$usenofp) for __I$use$fp
    dfixu.o(x$fpl$dfixur) refers to dnaninf.o(x$fpl$dnaninf) for __fpl_dnaninf
    dflt_clz.o(x$fpl$dfltu) refers (Special) to usenofp.o(x$fpl$usenofp) for __I$use$fp
    dflt_clz.o(x$fpl$dflt) refers (Special) to usenofp.o(x$fpl$usenofp) for __I$use$fp
    dflt_clz.o(x$fpl$dfltn) refers (Special) to usenofp.o(x$fpl$usenofp) for __I$use$fp
    dleqf.o(x$fpl$dleqf) refers (Special) to usenofp.o(x$fpl$usenofp) for __I$use$fp
    dleqf.o(x$fpl$dleqf) refers to dnaninf.o(x$fpl$dnaninf) for __fpl_dnaninf
    dleqf.o(x$fpl$dleqf) refers to dcmpi.o(x$fpl$dcmpinf) for __fpl_dcmp_Inf
    dmul.o(x$fpl$dmul) refers (Special) to usenofp.o(x$fpl$usenofp) for __I$use$fp
    dmul.o(x$fpl$dmul) refers to dretinf.o(x$fpl$dretinf) for __fpl_dretinf
    dmul.o(x$fpl$dmul) refers to dnaninf.o(x$fpl$dnaninf) for __fpl_dnaninf
    drleqf.o(x$fpl$drleqf) refers (Special) to usenofp.o(x$fpl$usenofp) for __I$use$fp
    drleqf.o(x$fpl$drleqf) refers to dleqf.o(x$fpl$dleqf) for __fpl_dcmple_InfNaN
    f2d.o(x$fpl$f2d) refers (Special) to usenofp.o(x$fpl$usenofp) for __I$use$fp
    f2d.o(x$fpl$f2d) refers to fnaninf.o(x$fpl$fnaninf) for __fpl_fnaninf
    f2d.o(x$fpl$f2d) refers to dretinf.o(x$fpl$dretinf) for __fpl_dretinf
    faddsub_clz.o(x$fpl$fadd) refers (Special) to usenofp.o(x$fpl$usenofp) for __I$use$fp
    faddsub_clz.o(x$fpl$fadd) refers to faddsub_clz.o(x$fpl$fsub) for _fsub1
    faddsub_clz.o(x$fpl$fadd) refers to fretinf.o(x$fpl$fretinf) for __fpl_fretinf
    faddsub_clz.o(x$fpl$fadd) refers to fnaninf.o(x$fpl$fnaninf) for __fpl_fnaninf
    faddsub_clz.o(x$fpl$frsb) refers (Special) to usenofp.o(x$fpl$usenofp) for __I$use$fp
    faddsub_clz.o(x$fpl$frsb) refers to faddsub_clz.o(x$fpl$fadd) for _fadd1
    faddsub_clz.o(x$fpl$frsb) refers to faddsub_clz.o(x$fpl$fsub) for _fsub1
    faddsub_clz.o(x$fpl$fsub) refers (Special) to usenofp.o(x$fpl$usenofp) for __I$use$fp
    faddsub_clz.o(x$fpl$fsub) refers to faddsub_clz.o(x$fpl$fadd) for _fadd1
    faddsub_clz.o(x$fpl$fsub) refers to fnaninf.o(x$fpl$fnaninf) for __fpl_fnaninf
    fdiv.o(x$fpl$frdiv) refers (Special) to usenofp.o(x$fpl$usenofp) for __I$use$fp
    fdiv.o(x$fpl$frdiv) refers to fdiv.o(x$fpl$fdiv) for _fdiv1
    fdiv.o(x$fpl$fdiv) refers (Special) to usenofp.o(x$fpl$usenofp) for __I$use$fp
    fdiv.o(x$fpl$fdiv) refers to fretinf.o(x$fpl$fretinf) for __fpl_fretinf
    fdiv.o(x$fpl$fdiv) refers to fnaninf.o(x$fpl$fnaninf) for __fpl_fnaninf
    ffix.o(x$fpl$ffix) refers (Special) to usenofp.o(x$fpl$usenofp) for __I$use$fp
    ffix.o(x$fpl$ffix) refers to fnaninf.o(x$fpl$fnaninf) for __fpl_fnaninf
    ffix.o(x$fpl$ffixr) refers (Special) to usenofp.o(x$fpl$usenofp) for __I$use$fp
    ffix.o(x$fpl$ffixr) refers to fnaninf.o(x$fpl$fnaninf) for __fpl_fnaninf
    ffixu.o(x$fpl$ffixu) refers (Special) to usenofp.o(x$fpl$usenofp) for __I$use$fp
    ffixu.o(x$fpl$ffixu) refers to fnaninf.o(x$fpl$fnaninf) for __fpl_fnaninf
    ffixu.o(x$fpl$ffixur) refers (Special) to usenofp.o(x$fpl$usenofp) for __I$use$fp
    ffixu.o(x$fpl$ffixur) refers to fnaninf.o(x$fpl$fnaninf) for __fpl_fnaninf
    fflt_clz.o(x$fpl$ffltu) refers (Special) to usenofp.o(x$fpl$usenofp) for __I$use$fp
    fflt_clz.o(x$fpl$fflt) refers (Special) to usenofp.o(x$fpl$usenofp) for __I$use$fp
    fflt_clz.o(x$fpl$ffltn) refers (Special) to usenofp.o(x$fpl$usenofp) for __I$use$fp
    fmul.o(x$fpl$fmul) refers (Special) to usenofp.o(x$fpl$usenofp) for __I$use$fp
    fmul.o(x$fpl$fmul) refers to fretinf.o(x$fpl$fretinf) for __fpl_fretinf
    fmul.o(x$fpl$fmul) refers to fnaninf.o(x$fpl$fnaninf) for __fpl_fnaninf
    sqrt.o(i.__softfp_sqrt) refers (Special) to usenofp.o(x$fpl$usenofp) for __I$use$fp
    sqrt.o(i.__softfp_sqrt) refers to dsqrt_noumaal.o(x$fpl$dsqrt) for _dsqrt
    sqrt.o(i.__softfp_sqrt) refers to _rserrno.o(.text) for __set_errno
    sqrt.o(i.sqrt) refers (Special) to usenofp.o(x$fpl$usenofp) for __I$use$fp
    sqrt.o(i.sqrt) refers to dsqrt_noumaal.o(x$fpl$dsqrt) for _dsqrt
    sqrt.o(i.sqrt) refers to _rserrno.o(.text) for __set_errno
    sqrt_x.o(i.____softfp_sqrt$lsc) refers (Special) to usenofp.o(x$fpl$usenofp) for __I$use$fp
    sqrt_x.o(i.____softfp_sqrt$lsc) refers to dleqf.o(x$fpl$dleqf) for __aeabi_cdcmple
    sqrt_x.o(i.____softfp_sqrt$lsc) refers to _rserrno.o(.text) for __set_errno
    sqrt_x.o(i.____softfp_sqrt$lsc) refers to dsqrt_noumaal.o(x$fpl$dsqrt) for _dsqrt
    sqrt_x.o(i.__sqrt$lsc) refers (Special) to usenofp.o(x$fpl$usenofp) for __I$use$fp
    sqrt_x.o(i.__sqrt$lsc) refers to dleqf.o(x$fpl$dleqf) for __aeabi_cdcmple
    sqrt_x.o(i.__sqrt$lsc) refers to _rserrno.o(.text) for __set_errno
    sqrt_x.o(i.__sqrt$lsc) refers to dsqrt_noumaal.o(x$fpl$dsqrt) for _dsqrt
    __rtentry.o(.ARM.Collect$$rtentry$$00000000) refers (Special) to __rtentry2.o(.ARM.Collect$$rtentry$$0000000A) for __rt_entry_li
    __rtentry.o(.ARM.Collect$$rtentry$$00000000) refers (Special) to __rtentry2.o(.ARM.Collect$$rtentry$$0000000D) for __rt_entry_main
    __rtentry.o(.ARM.Collect$$rtentry$$00000000) refers (Special) to __rtentry2.o(.ARM.Collect$$rtentry$$0000000C) for __rt_entry_postli_1
    __rtentry.o(.ARM.Collect$$rtentry$$00000000) refers (Special) to __rtentry2.o(.ARM.Collect$$rtentry$$00000009) for __rt_entry_postsh_1
    __rtentry.o(.ARM.Collect$$rtentry$$00000000) refers (Special) to __rtentry2.o(.ARM.Collect$$rtentry$$00000002) for __rt_entry_presh_1
    __rtentry.o(.ARM.Collect$$rtentry$$00000000) refers (Special) to __rtentry4.o(.ARM.Collect$$rtentry$$00000004) for __rt_entry_sh
    aeabi_ldiv0_sigfpe.o(.text) refers to rt_div0.o(.text) for __rt_div0
    _rserrno.o(.text) refers to rt_errno_addr_intlibspace.o(.text) for __aeabi_errno_addr
    _printf_char.o(.text) refers (Weak) to _printf_str.o(.text) for _printf_str
    _printf_char_file.o(.text) refers to _printf_char_common.o(.text) for _printf_char_common
    _printf_char_file.o(.text) refers to ferror.o(.text) for ferror
    _printf_char_file.o(.text) refers to usart.o(.text) for fputc
    abort.o(.text) refers to defsig_abrt_outer.o(.text) for __rt_SIGABRT
    abort.o(.text) refers (Weak) to libshutdown.o(.ARM.Collect$$libshutdown$$00000000) for __rt_lib_shutdown
    abort.o(.text) refers to usart.o(.text) for _sys_exit
    assert_puts.o(.text) refers to sys_wrch.o(.text) for _ttywrch
    rt_memmove_w.o(.text) refers to rt_memcpy_w.o(.text) for __aeabi_memcpy4
    dcmpi.o(x$fpl$dcmpinf) refers (Special) to usenofp.o(x$fpl$usenofp) for __I$use$fp
    dnaninf.o(x$fpl$dnaninf) refers (Special) to usenofp.o(x$fpl$usenofp) for __I$use$fp
    dretinf.o(x$fpl$dretinf) refers (Special) to usenofp.o(x$fpl$usenofp) for __I$use$fp
    dsqrt_noumaal.o(x$fpl$dsqrt) refers (Special) to usenofp.o(x$fpl$usenofp) for __I$use$fp
    dsqrt_noumaal.o(x$fpl$dsqrt) refers to dnaninf.o(x$fpl$dnaninf) for __fpl_dnaninf
    fnaninf.o(x$fpl$fnaninf) refers (Special) to usenofp.o(x$fpl$usenofp) for __I$use$fp
    fretinf.o(x$fpl$fretinf) refers (Special) to usenofp.o(x$fpl$usenofp) for __I$use$fp
    sys_wrch.o(.text) refers (Special) to use_no_semi.o(.text) for __I$use$semihosting
    sys_wrch.o(.text) refers (Special) to indicate_semi.o(.text) for __semihosting_library_function
    __rtentry2.o(.ARM.Collect$$rtentry$$00000008) refers to boardinit2.o(.text) for _platform_post_stackheap_init
    __rtentry2.o(.ARM.Collect$$rtentry$$0000000A) refers to libinit.o(.ARM.Collect$$libinit$$00000000) for __rt_lib_init
    __rtentry2.o(.ARM.Collect$$rtentry$$0000000B) refers to boardinit3.o(.text) for _platform_post_lib_init
    __rtentry2.o(.ARM.Collect$$rtentry$$0000000D) refers to main.o(i.main) for main
    __rtentry2.o(.ARM.Collect$$rtentry$$0000000D) refers to exit.o(.text) for exit
    __rtentry2.o(.ARM.exidx) refers to __rtentry2.o(.ARM.Collect$$rtentry$$00000001) for .ARM.Collect$$rtentry$$00000001
    __rtentry2.o(.ARM.exidx) refers to __rtentry2.o(.ARM.Collect$$rtentry$$00000008) for .ARM.Collect$$rtentry$$00000008
    __rtentry2.o(.ARM.exidx) refers to __rtentry2.o(.ARM.Collect$$rtentry$$0000000A) for .ARM.Collect$$rtentry$$0000000A
    __rtentry2.o(.ARM.exidx) refers to __rtentry2.o(.ARM.Collect$$rtentry$$0000000B) for .ARM.Collect$$rtentry$$0000000B
    __rtentry2.o(.ARM.exidx) refers to __rtentry2.o(.ARM.Collect$$rtentry$$0000000D) for .ARM.Collect$$rtentry$$0000000D
    __rtentry4.o(.ARM.Collect$$rtentry$$00000004) refers to sys_stackheap_outer.o(.text) for __user_setup_stackheap
    __rtentry4.o(.ARM.exidx) refers to __rtentry4.o(.ARM.Collect$$rtentry$$00000004) for .ARM.Collect$$rtentry$$00000004
    rt_div0.o(.text) refers to defsig_fpe_outer.o(.text) for __rt_SIGFPE
    rt_errno_addr.o(.text) refers to rt_errno_addr.o(.bss) for __aeabi_errno_addr_data
    rt_errno_addr_intlibspace.o(.text) refers to libspace.o(.bss) for __libspace_start
    _printf_char_common.o(.text) refers to __printf.o(.text) for __printf
    defsig_abrt_outer.o(.text) refers to defsig_abrt_inner.o(.text) for __rt_SIGABRT_inner
    defsig_abrt_outer.o(.text) refers to defsig_exit.o(.text) for __sig_exit
    defsig_abrt_formal.o(.text) refers to rt_raise.o(.text) for __rt_raise
    libspace.o(.text) refers to libspace.o(.bss) for __libspace_start
    sys_stackheap_outer.o(.text) refers to libspace.o(.text) for __user_perproc_libspace
    sys_stackheap_outer.o(.text) refers to startup_stm32f103xe.o(.text) for __user_initial_stackheap
    rt_raise.o(.text) refers to __raise.o(.text) for __raise
    rt_raise.o(.text) refers to usart.o(.text) for _sys_exit
    exit.o(.text) refers to rtexit.o(.ARM.Collect$$rtexit$$00000000) for __rt_exit
    defsig_exit.o(.text) refers to usart.o(.text) for _sys_exit
    defsig_abrt_inner.o(.text) refers to defsig_general.o(.text) for __default_signal_display
    defsig_fpe_outer.o(.text) refers to defsig_fpe_inner.o(.text) for __rt_SIGFPE_inner
    defsig_fpe_outer.o(.text) refers to defsig_exit.o(.text) for __sig_exit
    defsig_fpe_formal.o(.text) refers to rt_raise.o(.text) for __rt_raise
    libinit.o(.ARM.Collect$$libinit$$00000000) refers (Special) to libinit2.o(.ARM.Collect$$libinit$$0000002E) for __rt_lib_init_alloca_1
    libinit.o(.ARM.Collect$$libinit$$00000000) refers (Special) to libinit2.o(.ARM.Collect$$libinit$$0000002C) for __rt_lib_init_argv_1
    libinit.o(.ARM.Collect$$libinit$$00000000) refers (Special) to libinit2.o(.ARM.Collect$$libinit$$0000001B) for __rt_lib_init_atexit_1
    libinit.o(.ARM.Collect$$libinit$$00000000) refers (Special) to libinit2.o(.ARM.Collect$$libinit$$00000021) for __rt_lib_init_clock_1
    libinit.o(.ARM.Collect$$libinit$$00000000) refers (Special) to libinit2.o(.ARM.Collect$$libinit$$00000032) for __rt_lib_init_cpp_1
    libinit.o(.ARM.Collect$$libinit$$00000000) refers (Special) to libinit2.o(.ARM.Collect$$libinit$$00000030) for __rt_lib_init_exceptions_1
    libinit.o(.ARM.Collect$$libinit$$00000000) refers (Special) to libinit2.o(.ARM.Collect$$libinit$$00000002) for __rt_lib_init_fp_1
    libinit.o(.ARM.Collect$$libinit$$00000000) refers (Special) to libinit2.o(.ARM.Collect$$libinit$$0000001F) for __rt_lib_init_fp_trap_1
    libinit.o(.ARM.Collect$$libinit$$00000000) refers (Special) to libinit2.o(.ARM.Collect$$libinit$$00000023) for __rt_lib_init_getenv_1
    libinit.o(.ARM.Collect$$libinit$$00000000) refers (Special) to libinit2.o(.ARM.Collect$$libinit$$0000000A) for __rt_lib_init_heap_1
    libinit.o(.ARM.Collect$$libinit$$00000000) refers (Special) to libinit2.o(.ARM.Collect$$libinit$$00000011) for __rt_lib_init_lc_collate_1
    libinit.o(.ARM.Collect$$libinit$$00000000) refers (Special) to libinit2.o(.ARM.Collect$$libinit$$00000013) for __rt_lib_init_lc_ctype_1
    libinit.o(.ARM.Collect$$libinit$$00000000) refers (Special) to libinit2.o(.ARM.Collect$$libinit$$00000015) for __rt_lib_init_lc_monetary_1
    libinit.o(.ARM.Collect$$libinit$$00000000) refers (Special) to libinit2.o(.ARM.Collect$$libinit$$00000017) for __rt_lib_init_lc_numeric_1
    libinit.o(.ARM.Collect$$libinit$$00000000) refers (Special) to libinit2.o(.ARM.Collect$$libinit$$00000019) for __rt_lib_init_lc_time_1
    libinit.o(.ARM.Collect$$libinit$$00000000) refers (Special) to libinit2.o(.ARM.Collect$$libinit$$00000004) for __rt_lib_init_preinit_1
    libinit.o(.ARM.Collect$$libinit$$00000000) refers (Special) to libinit2.o(.ARM.Collect$$libinit$$0000000E) for __rt_lib_init_rand_1
    libinit.o(.ARM.Collect$$libinit$$00000000) refers (Special) to libinit2.o(.ARM.Collect$$libinit$$00000033) for __rt_lib_init_return
    libinit.o(.ARM.Collect$$libinit$$00000000) refers (Special) to libinit2.o(.ARM.Collect$$libinit$$0000001D) for __rt_lib_init_signal_1
    libinit.o(.ARM.Collect$$libinit$$00000000) refers (Special) to libinit2.o(.ARM.Collect$$libinit$$00000025) for __rt_lib_init_stdio_1
    libinit.o(.ARM.Collect$$libinit$$00000000) refers (Special) to libinit2.o(.ARM.Collect$$libinit$$0000000C) for __rt_lib_init_user_alloc_1
    rtexit.o(.ARM.Collect$$rtexit$$00000000) refers (Special) to rtexit2.o(.ARM.Collect$$rtexit$$00000004) for __rt_exit_exit
    rtexit.o(.ARM.Collect$$rtexit$$00000000) refers (Special) to rtexit2.o(.ARM.Collect$$rtexit$$00000003) for __rt_exit_ls
    rtexit.o(.ARM.Collect$$rtexit$$00000000) refers (Special) to rtexit2.o(.ARM.Collect$$rtexit$$00000002) for __rt_exit_prels_1
    rtexit.o(.ARM.exidx) refers (Special) to rtexit2.o(.ARM.Collect$$rtexit$$00000004) for __rt_exit_exit
    rtexit.o(.ARM.exidx) refers (Special) to rtexit2.o(.ARM.Collect$$rtexit$$00000003) for __rt_exit_ls
    rtexit.o(.ARM.exidx) refers (Special) to rtexit2.o(.ARM.Collect$$rtexit$$00000002) for __rt_exit_prels_1
    rtexit.o(.ARM.exidx) refers to rtexit.o(.ARM.Collect$$rtexit$$00000000) for .ARM.Collect$$rtexit$$00000000
    __raise.o(.text) refers to defsig.o(CL$$defsig) for __default_signal_handler
    defsig_general.o(.text) refers to sys_wrch.o(.text) for _ttywrch
    defsig_fpe_inner.o(.text) refers to defsig_general.o(.text) for __default_signal_display
    libinit2.o(.ARM.Collect$$libinit$$00000010) refers to libinit2.o(.ARM.Collect$$libinit$$0000000F) for .ARM.Collect$$libinit$$0000000F
    libinit2.o(.ARM.Collect$$libinit$$00000012) refers to libinit2.o(.ARM.Collect$$libinit$$0000000F) for .ARM.Collect$$libinit$$0000000F
    libinit2.o(.ARM.Collect$$libinit$$00000014) refers to libinit2.o(.ARM.Collect$$libinit$$0000000F) for .ARM.Collect$$libinit$$0000000F
    libinit2.o(.ARM.Collect$$libinit$$00000016) refers to libinit2.o(.ARM.Collect$$libinit$$0000000F) for .ARM.Collect$$libinit$$0000000F
    libinit2.o(.ARM.Collect$$libinit$$00000018) refers to libinit2.o(.ARM.Collect$$libinit$$0000000F) for .ARM.Collect$$libinit$$0000000F
    libinit2.o(.ARM.Collect$$libinit$$00000026) refers to argv_veneer.o(.emb_text) for __ARM_argv_veneer
    libinit2.o(.ARM.Collect$$libinit$$00000027) refers to argv_veneer.o(.emb_text) for __ARM_argv_veneer
    rtexit2.o(.ARM.Collect$$rtexit$$00000003) refers to libshutdown.o(.ARM.Collect$$libshutdown$$00000000) for __rt_lib_shutdown
    rtexit2.o(.ARM.Collect$$rtexit$$00000004) refers to usart.o(.text) for _sys_exit
    rtexit2.o(.ARM.exidx) refers to rtexit2.o(.ARM.Collect$$rtexit$$00000001) for .ARM.Collect$$rtexit$$00000001
    rtexit2.o(.ARM.exidx) refers to rtexit2.o(.ARM.Collect$$rtexit$$00000003) for .ARM.Collect$$rtexit$$00000003
    rtexit2.o(.ARM.exidx) refers to rtexit2.o(.ARM.Collect$$rtexit$$00000004) for .ARM.Collect$$rtexit$$00000004
    defsig.o(CL$$defsig) refers to defsig_abrt_inner.o(.text) for __rt_SIGABRT_inner
    defsig.o(CL$$defsig) refers to defsig_fpe_inner.o(.text) for __rt_SIGFPE_inner
    defsig.o(CL$$defsig) refers to defsig_rtmem_inner.o(.text) for __rt_SIGRTMEM_inner
    argv_veneer.o(.emb_text) refers to no_argv.o(.text) for __ARM_get_argv
    defsig_rtred_inner.o(.text) refers to defsig_general.o(.text) for __default_signal_display
    defsig_rtmem_inner.o(.text) refers to defsig_general.o(.text) for __default_signal_display
    defsig_stak_inner.o(.text) refers to defsig_general.o(.text) for __default_signal_display
    defsig_pvfn_inner.o(.text) refers to defsig_general.o(.text) for __default_signal_display
    defsig_cppl_inner.o(.text) refers to defsig_general.o(.text) for __default_signal_display
    defsig_segv_inner.o(.text) refers to defsig_general.o(.text) for __default_signal_display
    defsig_other.o(.text) refers to defsig_general.o(.text) for __default_signal_display
    _get_argv_nomalloc.o(.text) refers (Special) to hrguard.o(.text) for __heap_region$guard
    _get_argv_nomalloc.o(.text) refers to defsig_rtmem_outer.o(.text) for __rt_SIGRTMEM
    _get_argv_nomalloc.o(.text) refers to sys_command.o(.text) for _sys_command_string
    libshutdown.o(.ARM.Collect$$libshutdown$$00000000) refers (Special) to libshutdown2.o(.ARM.Collect$$libshutdown$$00000002) for __rt_lib_shutdown_cpp_1
    libshutdown.o(.ARM.Collect$$libshutdown$$00000000) refers (Special) to libshutdown2.o(.ARM.Collect$$libshutdown$$00000007) for __rt_lib_shutdown_fp_trap_1
    libshutdown.o(.ARM.Collect$$libshutdown$$00000000) refers (Special) to libshutdown2.o(.ARM.Collect$$libshutdown$$0000000F) for __rt_lib_shutdown_heap_1
    libshutdown.o(.ARM.Collect$$libshutdown$$00000000) refers (Special) to libshutdown2.o(.ARM.Collect$$libshutdown$$00000010) for __rt_lib_shutdown_return
    libshutdown.o(.ARM.Collect$$libshutdown$$00000000) refers (Special) to libshutdown2.o(.ARM.Collect$$libshutdown$$0000000A) for __rt_lib_shutdown_signal_1
    libshutdown.o(.ARM.Collect$$libshutdown$$00000000) refers (Special) to libshutdown2.o(.ARM.Collect$$libshutdown$$00000004) for __rt_lib_shutdown_stdio_1
    libshutdown.o(.ARM.Collect$$libshutdown$$00000000) refers (Special) to libshutdown2.o(.ARM.Collect$$libshutdown$$0000000C) for __rt_lib_shutdown_user_alloc_1
    sys_command.o(.text) refers (Special) to use_no_semi.o(.text) for __I$use$semihosting
    sys_command.o(.text) refers (Special) to indicate_semi.o(.text) for __semihosting_library_function
    defsig_rtmem_outer.o(.text) refers to defsig_rtmem_inner.o(.text) for __rt_SIGRTMEM_inner
    defsig_rtmem_outer.o(.text) refers to defsig_exit.o(.text) for __sig_exit
    defsig_rtmem_formal.o(.text) refers to rt_raise.o(.text) for __rt_raise


==============================================================================

Removing Unused input sections from the image.

    Removing main.o(.rev16_text), (4 bytes).
    Removing main.o(.revsh_text), (4 bytes).
    Removing main.o(.rrx_text), (6 bytes).
    Removing stm32f1xx_hal_msp.o(.rev16_text), (4 bytes).
    Removing stm32f1xx_hal_msp.o(.revsh_text), (4 bytes).
    Removing stm32f1xx_hal_msp.o(.rrx_text), (6 bytes).
    Removing stm32f1xx_it.o(.rev16_text), (4 bytes).
    Removing stm32f1xx_it.o(.revsh_text), (4 bytes).
    Removing stm32f1xx_it.o(.rrx_text), (6 bytes).
    Removing system_stm32f1xx.o(.rev16_text), (4 bytes).
    Removing system_stm32f1xx.o(.revsh_text), (4 bytes).
    Removing system_stm32f1xx.o(.rrx_text), (6 bytes).
    Removing stm32f1xx_hal.o(.rev16_text), (4 bytes).
    Removing stm32f1xx_hal.o(.revsh_text), (4 bytes).
    Removing stm32f1xx_hal.o(.rrx_text), (6 bytes).
    Removing stm32f1xx_hal_cortex.o(.rev16_text), (4 bytes).
    Removing stm32f1xx_hal_cortex.o(.revsh_text), (4 bytes).
    Removing stm32f1xx_hal_cortex.o(.rrx_text), (6 bytes).
    Removing stm32f1xx_hal_dma.o(.rev16_text), (4 bytes).
    Removing stm32f1xx_hal_dma.o(.revsh_text), (4 bytes).
    Removing stm32f1xx_hal_dma.o(.rrx_text), (6 bytes).
    Removing stm32f1xx_hal_gpio.o(.rev16_text), (4 bytes).
    Removing stm32f1xx_hal_gpio.o(.revsh_text), (4 bytes).
    Removing stm32f1xx_hal_gpio.o(.rrx_text), (6 bytes).
    Removing stm32f1xx_hal_gpio_ex.o(.rev16_text), (4 bytes).
    Removing stm32f1xx_hal_gpio_ex.o(.revsh_text), (4 bytes).
    Removing stm32f1xx_hal_gpio_ex.o(.rrx_text), (6 bytes).
    Removing stm32f1xx_hal_gpio_ex.o(.text), (52 bytes).
    Removing stm32f1xx_hal_pwr.o(.rev16_text), (4 bytes).
    Removing stm32f1xx_hal_pwr.o(.revsh_text), (4 bytes).
    Removing stm32f1xx_hal_pwr.o(.rrx_text), (6 bytes).
    Removing stm32f1xx_hal_pwr.o(.text), (520 bytes).
    Removing stm32f1xx_hal_rcc.o(.rev16_text), (4 bytes).
    Removing stm32f1xx_hal_rcc.o(.revsh_text), (4 bytes).
    Removing stm32f1xx_hal_rcc.o(.rrx_text), (6 bytes).
    Removing stm32f1xx_hal_rcc_ex.o(.rev16_text), (4 bytes).
    Removing stm32f1xx_hal_rcc_ex.o(.revsh_text), (4 bytes).
    Removing stm32f1xx_hal_rcc_ex.o(.rrx_text), (6 bytes).
    Removing stm32f1xx_hal_rcc_ex.o(.text), (684 bytes).
    Removing stm32f1xx_hal_tim.o(.rev16_text), (4 bytes).
    Removing stm32f1xx_hal_tim.o(.revsh_text), (4 bytes).
    Removing stm32f1xx_hal_tim.o(.rrx_text), (6 bytes).
    Removing stm32f1xx_hal_tim_ex.o(.rev16_text), (4 bytes).
    Removing stm32f1xx_hal_tim_ex.o(.revsh_text), (4 bytes).
    Removing stm32f1xx_hal_tim_ex.o(.rrx_text), (6 bytes).
    Removing stm32f1xx_hal_uart.o(.rev16_text), (4 bytes).
    Removing stm32f1xx_hal_uart.o(.revsh_text), (4 bytes).
    Removing stm32f1xx_hal_uart.o(.rrx_text), (6 bytes).
    Removing stm32f1xx_hal_usart.o(.rev16_text), (4 bytes).
    Removing stm32f1xx_hal_usart.o(.revsh_text), (4 bytes).
    Removing stm32f1xx_hal_usart.o(.rrx_text), (6 bytes).
    Removing stm32f1xx_hal_usart.o(.text), (4540 bytes).
    Removing stm32f1xx_hal_sram.o(.rev16_text), (4 bytes).
    Removing stm32f1xx_hal_sram.o(.revsh_text), (4 bytes).
    Removing stm32f1xx_hal_sram.o(.rrx_text), (6 bytes).
    Removing stm32f1xx_ll_fsmc.o(.rev16_text), (4 bytes).
    Removing stm32f1xx_ll_fsmc.o(.revsh_text), (4 bytes).
    Removing stm32f1xx_ll_fsmc.o(.rrx_text), (6 bytes).
    Removing stm32f1xx_hal_spi.o(.rev16_text), (4 bytes).
    Removing stm32f1xx_hal_spi.o(.revsh_text), (4 bytes).
    Removing stm32f1xx_hal_spi.o(.rrx_text), (6 bytes).
    Removing stm32f1xx_hal_spi.o(.text), (7588 bytes).
    Removing delay.o(.rev16_text), (4 bytes).
    Removing delay.o(.revsh_text), (4 bytes).
    Removing delay.o(.rrx_text), (6 bytes).
    Removing sys.o(.rev16_text), (4 bytes).
    Removing sys.o(.revsh_text), (4 bytes).
    Removing sys.o(.rrx_text), (6 bytes).
    Removing sys.o(.emb_text), (6 bytes).
    Removing usart.o(.rev16_text), (4 bytes).
    Removing usart.o(.revsh_text), (4 bytes).
    Removing usart.o(.rrx_text), (6 bytes).
    Removing led.o(.rev16_text), (4 bytes).
    Removing led.o(.revsh_text), (4 bytes).
    Removing led.o(.rrx_text), (6 bytes).
    Removing lcd.o(.rev16_text), (4 bytes).
    Removing lcd.o(.revsh_text), (4 bytes).
    Removing lcd.o(.rrx_text), (6 bytes).
    Removing key.o(.rev16_text), (4 bytes).
    Removing key.o(.revsh_text), (4 bytes).
    Removing key.o(.rrx_text), (6 bytes).
    Removing 24cxx.o(.rev16_text), (4 bytes).
    Removing 24cxx.o(.revsh_text), (4 bytes).
    Removing 24cxx.o(.rrx_text), (6 bytes).
    Removing myiic.o(.rev16_text), (4 bytes).
    Removing myiic.o(.revsh_text), (4 bytes).
    Removing myiic.o(.rrx_text), (6 bytes).
    Removing spi.o(.rev16_text), (4 bytes).
    Removing spi.o(.revsh_text), (4 bytes).
    Removing spi.o(.rrx_text), (6 bytes).
    Removing spi.o(.text), (280 bytes).
    Removing spi.o(.bss), (88 bytes).
    Removing ctiic.o(.rev16_text), (4 bytes).
    Removing ctiic.o(.revsh_text), (4 bytes).
    Removing ctiic.o(.rrx_text), (6 bytes).
    Removing ft5206.o(.rev16_text), (4 bytes).
    Removing ft5206.o(.revsh_text), (4 bytes).
    Removing ft5206.o(.rrx_text), (6 bytes).
    Removing gt9147.o(.rev16_text), (4 bytes).
    Removing gt9147.o(.revsh_text), (4 bytes).
    Removing gt9147.o(.rrx_text), (6 bytes).
    Removing ott2001a.o(.rev16_text), (4 bytes).
    Removing ott2001a.o(.revsh_text), (4 bytes).
    Removing ott2001a.o(.rrx_text), (6 bytes).
    Removing touch.o(.rev16_text), (4 bytes).
    Removing touch.o(.revsh_text), (4 bytes).
    Removing touch.o(.rrx_text), (6 bytes).
    Removing w25qxx.o(.rev16_text), (4 bytes).
    Removing w25qxx.o(.revsh_text), (4 bytes).
    Removing w25qxx.o(.rrx_text), (6 bytes).
    Removing w25qxx.o(.text), (1040 bytes).
    Removing w25qxx.o(.bss), (4096 bytes).
    Removing w25qxx.o(.data), (2 bytes).
    Removing timer.o(.rev16_text), (4 bytes).
    Removing timer.o(.revsh_text), (4 bytes).
    Removing timer.o(.rrx_text), (6 bytes).
    Removing lv_port_disp_template.o(.rev16_text), (4 bytes).
    Removing lv_port_disp_template.o(.revsh_text), (4 bytes).
    Removing lv_port_disp_template.o(.rrx_text), (6 bytes).
    Removing lv_port_indev_template.o(.rev16_text), (4 bytes).
    Removing lv_port_indev_template.o(.revsh_text), (4 bytes).
    Removing lv_port_indev_template.o(.rrx_text), (6 bytes).
    Removing lv_draw_triangle.o(.text), (56 bytes).
    Removing qrcodegen.o(.text), (6896 bytes).
    Removing qrcodegen.o(.constdata), (392 bytes).
    Removing qrcodegen.o(.conststring), (636 bytes).
    Removing qrcodegen.o(.data), (4 bytes).
    Removing lv_theme_basic.o(.text), (2780 bytes).
    Removing lv_theme_basic.o(.bss), (36 bytes).
    Removing lv_theme_basic.o(.data), (5 bytes).
    Removing lv_theme_mono.o(.text), (4000 bytes).
    Removing lv_theme_mono.o(.bss), (36 bytes).
    Removing lv_theme_mono.o(.data), (5 bytes).
    Removing lv_animimg.o(.text), (280 bytes).
    Removing lv_animimg.o(.constdata), (28 bytes).
    Removing lv_imgbtn.o(.text), (1392 bytes).
    Removing lv_imgbtn.o(.constdata), (28 bytes).
    Removing lv_list.o(.text), (284 bytes).
    Removing lv_msgbox.o(.text), (944 bytes).
    Removing lv_span.o(.text), (4808 bytes).
    Removing lv_span.o(.bss), (1284 bytes).
    Removing lv_span.o(.constdata), (28 bytes).
    Removing lv_font_loader.o(.text), (2680 bytes).
    Removing lv_anim_timeline.o(.text), (668 bytes).
    Removing lv_lru.o(.text), (1032 bytes).
    Removing lv_canvas.o(.text), (4384 bytes).
    Removing lv_canvas.o(.constdata), (28 bytes).

147 unused section(s) (total 52128 bytes) removed from the image.
